Archive member included because of file (symbol)

startup/libea_startup_thumb.a(consol.o)
                              bt.o (consolGetChar)
startup/libea_startup_thumb.a(framework.o)
                              main.o (eaInit)
startup/libea_startup_thumb.a(startup.o)
                              (_startup)
irq_code/irqUart.a(irqUart.o)
                              uart.o (disIrq)
gcc_files/libm.a(s_cos.o)     pong.o (cos)
gcc_files/libm.a(s_floor.o)   pong.o (floor)
gcc_files/libm.a(s_sin.o)     pong.o (sin)
gcc_files/libm.a(w_sqrt.o)    pong.o (sqrt)
gcc_files/libm.a(e_rem_pio2.o)
                              gcc_files/libm.a(s_cos.o) (__ieee754_rem_pio2)
gcc_files/libm.a(e_sqrt.o)    gcc_files/libm.a(w_sqrt.o) (__ieee754_sqrt)
gcc_files/libm.a(k_cos.o)     gcc_files/libm.a(s_cos.o) (__kernel_cos)
gcc_files/libm.a(k_rem_pio2.o)
                              gcc_files/libm.a(e_rem_pio2.o) (__kernel_rem_pio2)
gcc_files/libm.a(k_sin.o)     gcc_files/libm.a(s_cos.o) (__kernel_sin)
gcc_files/libm.a(s_fabs.o)    gcc_files/libm.a(e_rem_pio2.o) (fabs)
gcc_files/libm.a(s_isnan.o)   gcc_files/libm.a(w_sqrt.o) (isnan)
gcc_files/libm.a(s_lib_ver.o)
                              gcc_files/libm.a(w_sqrt.o) (__fdlib_version)
gcc_files/libm.a(s_matherr.o)
                              gcc_files/libm.a(w_sqrt.o) (matherr)
gcc_files/libm.a(s_scalbn.o)  gcc_files/libm.a(k_rem_pio2.o) (scalbn)
gcc_files/libm.a(s_copysign.o)
                              gcc_files/libm.a(s_scalbn.o) (copysign)
pre_emptive_os/pre_emptive_os.a(kernel.o)
                              main.o (osInit)
pre_emptive_os/pre_emptive_os.a(prioqueue.o)
                              pre_emptive_os/pre_emptive_os.a(kernel.o) (initPrioQueue)
pre_emptive_os/pre_emptive_os.a(count_sem.o)
                              uart.o (osSemInit)
pre_emptive_os/pre_emptive_os.a(timer.o)
                              pre_emptive_os/pre_emptive_os.a(kernel.o) (timerTick)
pre_emptive_os/pre_emptive_os.a(stack_usage.o)
                              pre_emptive_os/pre_emptive_os.a(kernel.o) (createStackPattern)
pre_emptive_os/pre_emptive_os.a(a7hal.o)
                              pre_emptive_os/pre_emptive_os.a(kernel.o) (stkFrameInit_oshal)
pre_emptive_os/pre_emptive_os.a(a7hal_a.o)
                              pre_emptive_os/pre_emptive_os.a(kernel.o) (startHighProc_oshal)
pre_emptive_os/pre_emptive_os.a(event.o)
                              pre_emptive_os/pre_emptive_os.a(count_sem.o) (eventInit)
/cygdrive/c/Embedded/GNUARM/bin/../lib/gcc/arm-elf/4.1.1/interwork/libgcc.a(_udivsi3.o)
                              bt.o (__udivsi3)
/cygdrive/c/Embedded/GNUARM/bin/../lib/gcc/arm-elf/4.1.1/interwork/libgcc.a(_divsi3.o)
                              snake.o (__divsi3)
/cygdrive/c/Embedded/GNUARM/bin/../lib/gcc/arm-elf/4.1.1/interwork/libgcc.a(_umodsi3.o)
                              bt.o (__umodsi3)
/cygdrive/c/Embedded/GNUARM/bin/../lib/gcc/arm-elf/4.1.1/interwork/libgcc.a(_modsi3.o)
                              snake.o (__modsi3)
/cygdrive/c/Embedded/GNUARM/bin/../lib/gcc/arm-elf/4.1.1/interwork/libgcc.a(_dvmd_tls.o)
                              /cygdrive/c/Embedded/GNUARM/bin/../lib/gcc/arm-elf/4.1.1/interwork/libgcc.a(_udivsi3.o) (__div0)
/cygdrive/c/Embedded/GNUARM/bin/../lib/gcc/arm-elf/4.1.1/interwork/libgcc.a(_call_via_rX.o)
                              pre_emptive_os/pre_emptive_os.a(timer.o) (_call_via_r4)
/cygdrive/c/Embedded/GNUARM/bin/../lib/gcc/arm-elf/4.1.1/interwork/libgcc.a(_addsubdf3.o)
                              pong.o (__subdf3)
/cygdrive/c/Embedded/GNUARM/bin/../lib/gcc/arm-elf/4.1.1/interwork/libgcc.a(_muldivdf3.o)
                              pong.o (__muldf3)
/cygdrive/c/Embedded/GNUARM/bin/../lib/gcc/arm-elf/4.1.1/interwork/libgcc.a(_cmpdf2.o)
                              pong.o (__gtdf2)
/cygdrive/c/Embedded/GNUARM/bin/../lib/gcc/arm-elf/4.1.1/interwork/libgcc.a(_fixdfsi.o)
                              gcc_files/libm.a(e_rem_pio2.o) (__fixdfsi)
/cygdrive/c/Embedded/GNUARM/bin/../lib/gcc/arm-elf/4.1.1/interwork/libgcc.a(_fixunsdfsi.o)
                              pong.o (__fixunsdfsi)
/cygdrive/c/Embedded/GNUARM/bin/../lib/gcc/arm-elf/4.1.1/../../../../arm-elf/lib/interwork/libc.a(atoi.o)
                              startup/libea_startup_thumb.a(consol.o) (atoi)
/cygdrive/c/Embedded/GNUARM/bin/../lib/gcc/arm-elf/4.1.1/../../../../arm-elf/lib/interwork/libc.a(errno.o)
                              gcc_files/libm.a(w_sqrt.o) (__errno)
/cygdrive/c/Embedded/GNUARM/bin/../lib/gcc/arm-elf/4.1.1/../../../../arm-elf/lib/interwork/libc.a(impure.o)
                              /cygdrive/c/Embedded/GNUARM/bin/../lib/gcc/arm-elf/4.1.1/../../../../arm-elf/lib/interwork/libc.a(errno.o) (_impure_ptr)
/cygdrive/c/Embedded/GNUARM/bin/../lib/gcc/arm-elf/4.1.1/../../../../arm-elf/lib/interwork/libc.a(memcmp.o)
                              bt.o (memcmp)
[...]
Memory Configuration

Name             Origin             Length             Attributes
FLASH            0x00000000         0x00020000         xr
RAM              0x40000000         0x00004000         rw
*default*        0x00000000         0xffffffff

Linker script and memory map

LOAD main.o
LOAD lcd.o
LOAD startupDisplay.o
LOAD key.o
LOAD select.o
LOAD uart.o
LOAD bt.o
LOAD snake.o
LOAD exampleGame.o
LOAD pong.o
LOAD eeprom.o
LOAD i2c.o
LOAD hw.o
LOAD startup/libea_startup_thumb.a
LOAD irq_code/irqUart.a
LOAD gcc_files/libm.a
LOAD pre_emptive_os/pre_emptive_os.a
START GROUP
LOAD /cygdrive/c/Embedded/GNUARM/bin/../lib/gcc/arm-elf/4.1.1/interwork/libgcc.a
LOAD /cygdrive/c/Embedded/GNUARM/bin/../lib/gcc/arm-elf/4.1.1/../../../../arm-elf/lib/interwork/libc.a
END GROUP

.text           0x00000000     0x9e10
 *startup.o(.text)
 .text          0x00000000      0x1d8 startup/libea_startup_thumb.a(startup.o)
                0x00000000                _startup
 *(.text)
 .text          0x000001d8      0x180 main.o
                0x000001d8                appTick
                0x000001e8                main
 .text          0x00000358      0x570 lcd.o
                0x00000358                lcdColor
                0x00000524                lcdWindow
                0x00000764                lcdClrscr
                0x0000062c                lcdRectBrd
                0x000004a8                lcdPutchar
                0x00000740                lcdContrast
                0x000007b8                lcdOff
                0x000007d4                lcdInit
                0x0000057c                lcdIcon
                0x000003e0                lcdData
                0x0000036c                lcdWrdata
                0x000006dc                lcdRect
                0x0000037c                lcdWrcmd
                0x0000050c                lcdPuts
                0x00000554                lcdGotoxy
 .text          0x000008c8      0x884 startupDisplay.o
                0x000008c8                displayStartupSequence
 .text          0x0000114c      0x1e0 key.o
                0x0000115c                checkKey2
                0x000011a8                sampleKey
                0x00001168                initKeyProc
                0x0000114c                checkKey
 .text          0x0000132c      0x160 select.o
                0x0000139c                drawMenu
 .text          0x0000148c      0x280 uart.o
                0x0000153c                uart1SendChar
                0x000015c0                uart1SendChars
                0x00001604                uart1SendString
                0x000015e8                uart1SendCh
                0x0000161c                initUart1
                0x000014f4                uart1GetChSem
                0x0000148c                uart1GetChar
                0x00001520                uart1GetCh
 .text          0x0000170c     0x1138 bt.o
                0x00001c84                handleBt
                0x00002704                initBtProc
                0x0000176c                activateBtProc
                0x0000170c                blockBtProc
 .text          0x00002844      0x58c snake.o
                0x00002998                addFood
                0x00002af4                playSnake
 .text          0x00002dd0      0x558 exampleGame.o
                0x000031bc                playExample
 .text          0x00003328     0x1730 pong.o
                0x00003c4c                playPong
 .text          0x00004a58      0x378 eeprom.o
                0x00004bec                lm75Read
                0x00004af8                pca9532
                0x00004c6c                eepromWrite
                0x00004d78                eepromPoll
                0x00004cf8                eepromPageRead
                0x00004a58                eepromStartRead
 .text          0x00004dd0      0x3e0 i2c.o
                0x00004f94                i2cInit
                0x00005008                getI2cLock
                0x00005070                i2cRead
                0x00004f0c                i2cWriteWithWait
                0x00004de8                i2cStart
                0x00004e34                i2cStop
                0x00004dd0                i2cCheckStatus
                0x00004e88                i2cGetChar
                0x00005024                i2cRepeatStart
                0x00005110                i2cWrite
                0x00004ee0                i2cWaitTransmit
                0x00004f3c                i2cMyWrite
                0x00004e5c                i2cPutChar
                0x00004ff0                releaseI2cLock
 .text          0x000051b0      0x44c hw.o
                0x00005214                sendToLCD
                0x00005454                resetBT
                0x000051b0                setBuzzer
                0x00005290                initSpiForLcd
                0x00005540                immediateIoInit
                0x000054d0                resetLCD
                0x00005398                setLED
                0x000052e8                getKeys
                0x000051d4                selectLCD
 .text          0x000055fc      0x680 startup/libea_startup_thumb.a(consol.o)
                0x00005ab8                consolGetIntNum
                0x000056f4                consolSendCh
                0x000058c0                consolGetString
                0x00005764                consolSendNumber
                0x0000587c                consolGetCh
                0x000056d4                consolSendChar
                0x00005938                simplePrintf
                0x00005738                consolSendString
                0x00005b98                consolScanf
                0x0000589c                consolGetChar
                0x00005680                consolInit
 .text          0x00005c7c      0x2bc startup/libea_startup_thumb.a(framework.o)
                0x00005da4                eaInit
                0x00005cf4                lowLevelInit
                0x00005c7c                exceptionHandlerInit
 .text          0x00005f38      0x2bc irq_code/irqUart.a(irqUart.o)
                0x00005f60                uart1ISR
                0x00005f58                restoreIrq
                0x00005f38                disIrq
 .text          0x000061f4       0xb4 gcc_files/libm.a(s_cos.o)
                0x000061f4                cos
 .text          0x000062a8      0x144 gcc_files/libm.a(s_floor.o)
                0x000062a8                floor
 .text          0x000063ec       0xbc gcc_files/libm.a(s_sin.o)
                0x000063ec                sin
 .text          0x000064a8       0xc8 gcc_files/libm.a(w_sqrt.o)
                0x000064a8                sqrt
 .text          0x00006570      0x4a0 gcc_files/libm.a(e_rem_pio2.o)
                0x00006570                __ieee754_rem_pio2
 .text          0x00006a10      0x1e8 gcc_files/libm.a(e_sqrt.o)
                0x00006a10                __ieee754_sqrt
 .text          0x00006bf8      0x1e8 gcc_files/libm.a(k_cos.o)
                0x00006bf8                __kernel_cos
 .text          0x00006de0      0x7ec gcc_files/libm.a(k_rem_pio2.o)
                0x00006de0                __kernel_rem_pio2
 .text          0x000075cc      0x15c gcc_files/libm.a(k_sin.o)
                0x000075cc                __kernel_sin
 .text          0x00007728       0x20 gcc_files/libm.a(s_fabs.o)
                0x00007728                fabs
 .text          0x00007748       0x28 gcc_files/libm.a(s_isnan.o)
                0x00007748                isnan
 .text          0x00007770        0x0 gcc_files/libm.a(s_lib_ver.o)
 .text          0x00007770        0x4 gcc_files/libm.a(s_matherr.o)
                0x00007770                matherr
 .text          0x00007774      0x120 gcc_files/libm.a(s_scalbn.o)
                0x00007774                scalbn
 .text          0x00007894       0x1c gcc_files/libm.a(s_copysign.o)
                0x00007894                copysign
 .text          0x000078b0      0x4f8 pre_emptive_os/pre_emptive_os.a(kernel.o)
                0x00007c2c                osTick
                0x00007cf0                rmvFromRdyList
                0x00007a4c                osGetHighPrioProc
                0x00007d0c                osSuspend
                0x00007960                osInit
                0x00007d40                osDeleteProcess
                0x0000798c                osISREnter
                0x00007a68                schedule
                0x000079b0                osCreateProcess
                0x00007bac                addToRdyList
                0x000078fc                addToTimeList
                0x00007bc0                osResume
                0x000078b0                osPid
                0x00007d70                osSleep
                0x00007ad4                osISRExit
                0x00007b3c                osStart
                0x00007b68                rmvFromTimeList
                0x00007c88                osStartProcess
 .text          0x00007da8      0x124 pre_emptive_os/pre_emptive_os.a(prioqueue.o)
                0x00007da8                initPrioQueue
                0x00007e10                rmvFromPrioQueue
                0x00007dc8                addToPrioQueue
                0x00007eac                isEmptyPrioQueue
                0x00007e74                getHighPrioQueue
 .text          0x00007ecc      0x144 pre_emptive_os/pre_emptive_os.a(count_sem.o)
                0x00007f6c                osSemGive
                0x00007fd0                osSemTryTake
                0x00007ecc                osSemInit
                0x00007ee0                osSemTake
 .text          0x00008010      0x218 pre_emptive_os/pre_emptive_os.a(timer.o)
                0x00008010                timerTick
                0x00008184                osInitTimers
                0x00008120                osDeleteTimer
                0x000080f4                osCreateTimer
 .text          0x00008228       0xa4 pre_emptive_os/pre_emptive_os.a(stack_usage.o)
                0x00008228                osStackUsage
                0x0000826c                createStackPattern
                0x0000828c                checkStackLimit
 .text          0x000082cc      0x1ec pre_emptive_os/pre_emptive_os.a(a7hal.o)
                0x00008304                stkFrameInit_oshal
                0x000082cc                timerIsr_oshal
                0x000083e4                halRestoreInterrupts_oshal
                0x000083ec                initTimer_oshal
                0x000083d4                halEnableInterrupts_oshal
                0x00008484                handleIRQs_oshal
                0x000083b4                halDisableInterrupts_oshal
 .text          0x000084b8       0xc4 pre_emptive_os/pre_emptive_os.a(a7hal_a.o)
                0x000084c4                startHighProc_oshal
                0x000084ec                ctxSwitchIsr_oshal
                0x000084cc                ctxSwitch_oshal
                0x0000850c                generalIRQ_oshal
 .text          0x0000857c       0xd8 pre_emptive_os/pre_emptive_os.a(event.o)
                0x0000858c                eventWait
                0x0000857c                eventInit
                0x000085f4                eventIsEmpty
                0x000085c4                eventWaitReturn
                0x00008604                eventSignal
 .text          0x00008654      0x114 /cygdrive/c/Embedded/GNUARM/bin/../lib/gcc/arm-elf/4.1.1/interwork/libgcc.a(_udivsi3.o)
                0x00008654                __udivsi3
                0x00008654                __aeabi_uidiv
                0x00008750                __aeabi_uidivmod
 .text          0x00008768      0x144 /cygdrive/c/Embedded/GNUARM/bin/../lib/gcc/arm-elf/4.1.1/interwork/libgcc.a(_divsi3.o)
                0x00008768                __aeabi_idiv
                0x00008768                __divsi3
                0x00008894                __aeabi_idivmod
 .text          0x000088ac       0xd0 /cygdrive/c/Embedded/GNUARM/bin/../lib/gcc/arm-elf/4.1.1/interwork/libgcc.a(_umodsi3.o)
                0x000088ac                __umodsi3
 .text          0x0000897c       0xe8 /cygdrive/c/Embedded/GNUARM/bin/../lib/gcc/arm-elf/4.1.1/interwork/libgcc.a(_modsi3.o)
                0x0000897c                __modsi3
 .text          0x00008a64        0x4 /cygdrive/c/Embedded/GNUARM/bin/../lib/gcc/arm-elf/4.1.1/interwork/libgcc.a(_dvmd_tls.o)
                0x00008a64                __aeabi_ldiv0
                0x00008a64                __div0
                0x00008a64                __aeabi_idiv0
 .text          0x00008a68       0x3c /cygdrive/c/Embedded/GNUARM/bin/../lib/gcc/arm-elf/4.1.1/interwork/libgcc.a(_call_via_rX.o)
                0x00008a70                _call_via_r2
                0x00008a80                _call_via_r6
                0x00008a7c                _call_via_r5
                0x00008a74                _call_via_r3
                0x00008a94                _call_via_fp
                0x00008a88                _call_via_r8
                0x00008a84                _call_via_r7
                0x00008a68                _call_via_r0
                0x00008a90                _call_via_sl
                0x00008a9c                _call_via_sp
                0x00008a8c                _call_via_r9
                0x00008a78                _call_via_r4
                0x00008a6c                _call_via_r1
                0x00008a98                _call_via_ip
                0x00008aa0                _call_via_lr
 .text          0x00008aa4      0x430 /cygdrive/c/Embedded/GNUARM/bin/../lib/gcc/arm-elf/4.1.1/interwork/libgcc.a(_addsubdf3.o)
                0x00008e68                __floatdidf
                0x00008de8                __floatsidf
                0x00008dc0                __aeabi_ui2d
                0x00008aa4                __aeabi_drsub
                0x00008e14                __extendsfdf2
                0x00008ab0                __adddf3
                0x00008dc0                __floatunsidf
                0x00008ab0                __aeabi_dadd
                0x00008e54                __aeabi_ul2d
                0x00008aac                __aeabi_dsub
                0x00008e54                __floatundidf
                0x00008de8                __aeabi_i2d
                0x00008e68                __aeabi_l2d
                0x00008e14                __aeabi_f2d
                0x00008aac                __subdf3
 .text          0x00008ed4      0x49c /cygdrive/c/Embedded/GNUARM/bin/../lib/gcc/arm-elf/4.1.1/interwork/libgcc.a(_muldivdf3.o)
                0x00009164                __aeabi_ddiv
                0x00008ed4                __aeabi_dmul
                0x00009164                __divdf3
                0x00008ed4                __muldf3
 .text          0x00009370      0x140 /cygdrive/c/Embedded/GNUARM/bin/../lib/gcc/arm-elf/4.1.1/interwork/libgcc.a(_cmpdf2.o)
                0x00009468                __aeabi_dcmple
                0x00009380                __cmpdf2
                0x00009380                __eqdf2
                0x00009370                __gtdf2
                0x00009420                __aeabi_cdcmple
                0x00009404                __aeabi_cdrcmple
                0x00009378                __ltdf2
                0x00009450                __aeabi_dcmplt
                0x00009378                __ledf2
                0x00009498                __aeabi_dcmpgt
                0x00009480                __aeabi_dcmpge
                0x00009380                __nedf2
                0x00009438                __aeabi_dcmpeq
                0x00009420                __aeabi_cdcmpeq
                0x00009370                __gedf2
 .text          0x000094b0       0x5c /cygdrive/c/Embedded/GNUARM/bin/../lib/gcc/arm-elf/4.1.1/interwork/libgcc.a(_fixdfsi.o)
                0x000094b0                __fixdfsi
                0x000094b0                __aeabi_d2iz
 .text          0x0000950c       0x54 /cygdrive/c/Embedded/GNUARM/bin/../lib/gcc/arm-elf/4.1.1/interwork/libgcc.a(_fixunsdfsi.o)
                0x0000950c                __fixunsdfsi
                0x0000950c                __aeabi_d2uiz
 .text          0x00009560       0x30 /cygdrive/c/Embedded/GNUARM/bin/../lib/gcc/arm-elf/4.1.1/../../../../arm-elf/lib/interwork/libc.a(atoi.o)
                0x00009560                _atoi_r
                0x00009578                atoi
 .text          0x00009590       0x10 /cygdrive/c/Embedded/GNUARM/bin/../lib/gcc/arm-elf/4.1.1/../../../../arm-elf/lib/interwork/libc.a(errno.o)
                0x00009590                __errno
 .text          0x000095a0        0x0 /cygdrive/c/Embedded/GNUARM/bin/../lib/gcc/arm-elf/4.1.1/../../../../arm-elf/lib/interwork/libc.a(impure.o)
 .text          0x000095a0       0x98 /cygdrive/c/Embedded/GNUARM/bin/../lib/gcc/arm-elf/4.1.1/../../../../arm-elf/lib/interwork/libc.a(memcmp.o)
                0x000095a0                memcmp
 .text          0x00009638       0x9c /cygdrive/c/Embedded/GNUARM/bin/../lib/gcc/arm-elf/4.1.1/../../../../arm-elf/lib/interwork/libc.a(memcpy.o)
                0x00009638                memcpy
 .text          0x000096d4       0x7c /cygdrive/c/Embedded/GNUARM/bin/../lib/gcc/arm-elf/4.1.1/../../../../arm-elf/lib/interwork/libc.a(rand.o)
                0x000096f0                rand
                0x000096d4                srand
 .text          0x00009750      0x118 /cygdrive/c/Embedded/GNUARM/bin/../lib/gcc/arm-elf/4.1.1/../../../../arm-elf/lib/interwork/libc.a(strchr.o)
                0x00009750                strchr
 .text          0x00009868       0xa0 /cygdrive/c/Embedded/GNUARM/bin/../lib/gcc/arm-elf/4.1.1/../../../../arm-elf/lib/interwork/libc.a(strcpy.o)
                0x00009868                strcpy
 .text          0x00009908       0x90 /cygdrive/c/Embedded/GNUARM/bin/../lib/gcc/arm-elf/4.1.1/../../../../arm-elf/lib/interwork/libc.a(strlen.o)
                0x00009908                strlen
 .text          0x00009998      0x13c /cygdrive/c/Embedded/GNUARM/bin/../lib/gcc/arm-elf/4.1.1/../../../../arm-elf/lib/interwork/libc.a(strncmp.o)
                0x00009998                strncmp
 .text          0x00009ad4      0x1f0 /cygdrive/c/Embedded/GNUARM/bin/../lib/gcc/arm-elf/4.1.1/../../../../arm-elf/lib/interwork/libc.a(strtol.o)
                0x00009c98                strtol
                0x00009ad4                _strtol_r
 .text          0x00009cc4        0x0 /cygdrive/c/Embedded/GNUARM/bin/../lib/gcc/arm-elf/4.1.1/../../../../arm-elf/lib/interwork/libc.a(ctype_.o)
 *(.glue_7)
 .glue_7        0x00009cc4        0x0 main.o
 .glue_7        0x00009cc4        0x0 lcd.o
 .glue_7        0x00009cc4        0x0 startupDisplay.o
 .glue_7        0x00009cc4        0x0 key.o
 .glue_7        0x00009cc4        0x0 select.o
 .glue_7        0x00009cc4        0x0 uart.o
 .glue_7        0x00009cc4        0x0 bt.o
 .glue_7        0x00009cc4        0x0 snake.o
 .glue_7        0x00009cc4        0x0 exampleGame.o
 .glue_7        0x00009cc4        0x0 pong.o
 .glue_7        0x00009cc4        0x0 eeprom.o
 .glue_7        0x00009cc4        0x0 i2c.o
 .glue_7        0x00009cc4        0x0 hw.o
 .glue_7        0x00009cc4        0x0 startup/libea_startup_thumb.a(consol.o)
 .glue_7        0x00009cc4        0x0 startup/libea_startup_thumb.a(framework.o)
 .glue_7        0x00009cc4        0x0 startup/libea_startup_thumb.a(startup.o)
 .glue_7        0x00009cc4        0x0 irq_code/irqUart.a(irqUart.o)
 .glue_7        0x00009cc4        0x0 gcc_files/libm.a(s_cos.o)
 .glue_7        0x00009cc4        0x0 gcc_files/libm.a(s_floor.o)
 .glue_7        0x00009cc4        0x0 gcc_files/libm.a(s_sin.o)
 .glue_7        0x00009cc4        0x0 gcc_files/libm.a(w_sqrt.o)
 .glue_7        0x00009cc4        0x0 gcc_files/libm.a(e_rem_pio2.o)
 .glue_7        0x00009cc4        0x0 gcc_files/libm.a(e_sqrt.o)
 .glue_7        0x00009cc4        0x0 gcc_files/libm.a(k_cos.o)
 .glue_7        0x00009cc4        0x0 gcc_files/libm.a(k_rem_pio2.o)
 .glue_7        0x00009cc4        0x0 gcc_files/libm.a(k_sin.o)
 .glue_7        0x00009cc4        0x0 gcc_files/libm.a(s_fabs.o)
 .glue_7        0x00009cc4        0x0 gcc_files/libm.a(s_isnan.o)
 .glue_7        0x00009cc4        0x0 gcc_files/libm.a(s_lib_ver.o)
 .glue_7        0x00009cc4        0x0 gcc_files/libm.a(s_matherr.o)
 .glue_7        0x00009cc4        0x0 gcc_files/libm.a(s_scalbn.o)
 .glue_7        0x00009cc4        0x0 gcc_files/libm.a(s_copysign.o)
 .glue_7        0x00009cc4        0x0 pre_emptive_os/pre_emptive_os.a(kernel.o)
 .glue_7        0x00009cc4        0x0 pre_emptive_os/pre_emptive_os.a(prioqueue.o)
 .glue_7        0x00009cc4        0x0 pre_emptive_os/pre_emptive_os.a(count_sem.o)
 .glue_7        0x00009cc4        0x0 pre_emptive_os/pre_emptive_os.a(timer.o)
 .glue_7        0x00009cc4        0x0 pre_emptive_os/pre_emptive_os.a(stack_usage.o)
 .glue_7        0x00009cc4        0x0 pre_emptive_os/pre_emptive_os.a(a7hal.o)
 .glue_7        0x00009cc4        0x0 pre_emptive_os/pre_emptive_os.a(a7hal_a.o)
 .glue_7        0x00009cc4        0x0 pre_emptive_os/pre_emptive_os.a(event.o)
 .glue_7        0x00009cc4        0x0 /cygdrive/c/Embedded/GNUARM/bin/../lib/gcc/arm-elf/4.1.1/interwork/libgcc.a(_udivsi3.o)
 .glue_7        0x00009cc4        0x0 /cygdrive/c/Embedded/GNUARM/bin/../lib/gcc/arm-elf/4.1.1/interwork/libgcc.a(_divsi3.o)
 .glue_7        0x00009cc4        0x0 /cygdrive/c/Embedded/GNUARM/bin/../lib/gcc/arm-elf/4.1.1/interwork/libgcc.a(_umodsi3.o)
 .glue_7        0x00009cc4        0x0 /cygdrive/c/Embedded/GNUARM/bin/../lib/gcc/arm-elf/4.1.1/interwork/libgcc.a(_modsi3.o)
 .glue_7        0x00009cc4        0x0 /cygdrive/c/Embedded/GNUARM/bin/../lib/gcc/arm-elf/4.1.1/interwork/libgcc.a(_dvmd_tls.o)
 .glue_7        0x00009cc4        0x0 /cygdrive/c/Embedded/GNUARM/bin/../lib/gcc/arm-elf/4.1.1/interwork/libgcc.a(_call_via_rX.o)
 .glue_7        0x00009cc4        0x0 /cygdrive/c/Embedded/GNUARM/bin/../lib/gcc/arm-elf/4.1.1/interwork/libgcc.a(_addsubdf3.o)
 .glue_7        0x00009cc4        0x0 /cygdrive/c/Embedded/GNUARM/bin/../lib/gcc/arm-elf/4.1.1/interwork/libgcc.a(_muldivdf3.o)
 .glue_7        0x00009cc4        0x0 /cygdrive/c/Embedded/GNUARM/bin/../lib/gcc/arm-elf/4.1.1/interwork/libgcc.a(_cmpdf2.o)
 .glue_7        0x00009cc4        0x0 /cygdrive/c/Embedded/GNUARM/bin/../lib/gcc/arm-elf/4.1.1/interwork/libgcc.a(_fixdfsi.o)
 .glue_7        0x00009cc4        0x0 /cygdrive/c/Embedded/GNUARM/bin/../lib/gcc/arm-elf/4.1.1/interwork/libgcc.a(_fixunsdfsi.o)
 .glue_7        0x00009cc4        0x0 /cygdrive/c/Embedded/GNUARM/bin/../lib/gcc/arm-elf/4.1.1/../../../../arm-elf/lib/interwork/libc.a(atoi.o)
 .glue_7        0x00009cc4        0x0 /cygdrive/c/Embedded/GNUARM/bin/../lib/gcc/arm-elf/4.1.1/../../../../arm-elf/lib/interwork/libc.a(errno.o)
 .glue_7        0x00009cc4        0x0 /cygdrive/c/Embedded/GNUARM/bin/../lib/gcc/arm-elf/4.1.1/../../../../arm-elf/lib/interwork/libc.a(impure.o)
 .glue_7        0x00009cc4        0x0 /cygdrive/c/Embedded/GNUARM/bin/../lib/gcc/arm-elf/4.1.1/../../../../arm-elf/lib/interwork/libc.a(memcmp.o)
 .glue_7        0x00009cc4        0x0 /cygdrive/c/Embedded/GNUARM/bin/../lib/gcc/arm-elf/4.1.1/../../../../arm-elf/lib/interwork/libc.a(memcpy.o)
 .glue_7        0x00009cc4        0x0 /cygdrive/c/Embedded/GNUARM/bin/../lib/gcc/arm-elf/4.1.1/../../../../arm-elf/lib/interwork/libc.a(rand.o)
 .glue_7        0x00009cc4        0x0 /cygdrive/c/Embedded/GNUARM/bin/../lib/gcc/arm-elf/4.1.1/../../../../arm-elf/lib/interwork/libc.a(strchr.o)
 .glue_7        0x00009cc4        0x0 /cygdrive/c/Embedded/GNUARM/bin/../lib/gcc/arm-elf/4.1.1/../../../../arm-elf/lib/interwork/libc.a(strcpy.o)
 .glue_7        0x00009cc4        0x0 /cygdrive/c/Embedded/GNUARM/bin/../lib/gcc/arm-elf/4.1.1/../../../../arm-elf/lib/interwork/libc.a(strlen.o)
 .glue_7        0x00009cc4        0x0 /cygdrive/c/Embedded/GNUARM/bin/../lib/gcc/arm-elf/4.1.1/../../../../arm-elf/lib/interwork/libc.a(strncmp.o)
 .glue_7        0x00009cc4        0x0 /cygdrive/c/Embedded/GNUARM/bin/../lib/gcc/arm-elf/4.1.1/../../../../arm-elf/lib/interwork/libc.a(strtol.o)
 .glue_7        0x00009cc4       0x24 /cygdrive/c/Embedded/GNUARM/bin/../lib/gcc/arm-elf/4.1.1/../../../../arm-elf/lib/interwork/libc.a(ctype_.o)
                0x00009cdc                __osISRExit_from_arm
                0x00009cd0                __osTick_from_arm
                0x00009cc4                __osSemGive_from_arm
 *(.glue_7t)
 .glue_7t       0x00009ce8        0x0 main.o
 .glue_7t       0x00009ce8        0x0 lcd.o
 .glue_7t       0x00009ce8        0x0 startupDisplay.o
 .glue_7t       0x00009ce8        0x0 key.o
 .glue_7t       0x00009ce8        0x0 select.o
 .glue_7t       0x00009ce8        0x0 uart.o
 .glue_7t       0x00009ce8        0x0 bt.o
 .glue_7t       0x00009ce8        0x0 snake.o
 .glue_7t       0x00009ce8        0x0 exampleGame.o
 .glue_7t       0x00009ce8        0x0 pong.o
 .glue_7t       0x00009ce8        0x0 eeprom.o
 .glue_7t       0x00009ce8        0x0 i2c.o
 .glue_7t       0x00009ce8        0x0 hw.o
 .glue_7t       0x00009ce8        0x0 startup/libea_startup_thumb.a(consol.o)
 .glue_7t       0x00009ce8        0x0 startup/libea_startup_thumb.a(framework.o)
 .glue_7t       0x00009ce8        0x0 startup/libea_startup_thumb.a(startup.o)
 .glue_7t       0x00009ce8        0x0 irq_code/irqUart.a(irqUart.o)
 .glue_7t       0x00009ce8        0x0 gcc_files/libm.a(s_cos.o)
 .glue_7t       0x00009ce8        0x0 gcc_files/libm.a(s_floor.o)
 .glue_7t       0x00009ce8        0x0 gcc_files/libm.a(s_sin.o)
 .glue_7t       0x00009ce8        0x0 gcc_files/libm.a(w_sqrt.o)
 .glue_7t       0x00009ce8        0x0 gcc_files/libm.a(e_rem_pio2.o)
 .glue_7t       0x00009ce8        0x0 gcc_files/libm.a(e_sqrt.o)
 .glue_7t       0x00009ce8        0x0 gcc_files/libm.a(k_cos.o)
 .glue_7t       0x00009ce8        0x0 gcc_files/libm.a(k_rem_pio2.o)
 .glue_7t       0x00009ce8        0x0 gcc_files/libm.a(k_sin.o)
 .glue_7t       0x00009ce8        0x0 gcc_files/libm.a(s_fabs.o)
 .glue_7t       0x00009ce8        0x0 gcc_files/libm.a(s_isnan.o)
 .glue_7t       0x00009ce8        0x0 gcc_files/libm.a(s_lib_ver.o)
 .glue_7t       0x00009ce8        0x0 gcc_files/libm.a(s_matherr.o)
 .glue_7t       0x00009ce8        0x0 gcc_files/libm.a(s_scalbn.o)
 .glue_7t       0x00009ce8        0x0 gcc_files/libm.a(s_copysign.o)
 .glue_7t       0x00009ce8        0x0 pre_emptive_os/pre_emptive_os.a(kernel.o)
 .glue_7t       0x00009ce8        0x0 pre_emptive_os/pre_emptive_os.a(prioqueue.o)
 .glue_7t       0x00009ce8        0x0 pre_emptive_os/pre_emptive_os.a(count_sem.o)
 .glue_7t       0x00009ce8        0x0 pre_emptive_os/pre_emptive_os.a(timer.o)
 .glue_7t       0x00009ce8        0x0 pre_emptive_os/pre_emptive_os.a(stack_usage.o)
 .glue_7t       0x00009ce8        0x0 pre_emptive_os/pre_emptive_os.a(a7hal.o)
 .glue_7t       0x00009ce8        0x0 pre_emptive_os/pre_emptive_os.a(a7hal_a.o)
 .glue_7t       0x00009ce8        0x0 pre_emptive_os/pre_emptive_os.a(event.o)
 .glue_7t       0x00009ce8        0x0 /cygdrive/c/Embedded/GNUARM/bin/../lib/gcc/arm-elf/4.1.1/interwork/libgcc.a(_udivsi3.o)
 .glue_7t       0x00009ce8        0x0 /cygdrive/c/Embedded/GNUARM/bin/../lib/gcc/arm-elf/4.1.1/interwork/libgcc.a(_divsi3.o)
 .glue_7t       0x00009ce8        0x0 /cygdrive/c/Embedded/GNUARM/bin/../lib/gcc/arm-elf/4.1.1/interwork/libgcc.a(_umodsi3.o)
 .glue_7t       0x00009ce8        0x0 /cygdrive/c/Embedded/GNUARM/bin/../lib/gcc/arm-elf/4.1.1/interwork/libgcc.a(_modsi3.o)
 .glue_7t       0x00009ce8        0x0 /cygdrive/c/Embedded/GNUARM/bin/../lib/gcc/arm-elf/4.1.1/interwork/libgcc.a(_dvmd_tls.o)
 .glue_7t       0x00009ce8        0x0 /cygdrive/c/Embedded/GNUARM/bin/../lib/gcc/arm-elf/4.1.1/interwork/libgcc.a(_call_via_rX.o)
 .glue_7t       0x00009ce8        0x0 /cygdrive/c/Embedded/GNUARM/bin/../lib/gcc/arm-elf/4.1.1/interwork/libgcc.a(_addsubdf3.o)
 .glue_7t       0x00009ce8        0x0 /cygdrive/c/Embedded/GNUARM/bin/../lib/gcc/arm-elf/4.1.1/interwork/libgcc.a(_muldivdf3.o)
 .glue_7t       0x00009ce8        0x0 /cygdrive/c/Embedded/GNUARM/bin/../lib/gcc/arm-elf/4.1.1/interwork/libgcc.a(_cmpdf2.o)
 .glue_7t       0x00009ce8        0x0 /cygdrive/c/Embedded/GNUARM/bin/../lib/gcc/arm-elf/4.1.1/interwork/libgcc.a(_fixdfsi.o)
 .glue_7t       0x00009ce8        0x0 /cygdrive/c/Embedded/GNUARM/bin/../lib/gcc/arm-elf/4.1.1/interwork/libgcc.a(_fixunsdfsi.o)
 .glue_7t       0x00009ce8        0x0 /cygdrive/c/Embedded/GNUARM/bin/../lib/gcc/arm-elf/4.1.1/../../../../arm-elf/lib/interwork/libc.a(atoi.o)
 .glue_7t       0x00009ce8        0x0 /cygdrive/c/Embedded/GNUARM/bin/../lib/gcc/arm-elf/4.1.1/../../../../arm-elf/lib/interwork/libc.a(errno.o)
 .glue_7t       0x00009ce8        0x0 /cygdrive/c/Embedded/GNUARM/bin/../lib/gcc/arm-elf/4.1.1/../../../../arm-elf/lib/interwork/libc.a(impure.o)
 .glue_7t       0x00009ce8        0x0 /cygdrive/c/Embedded/GNUARM/bin/../lib/gcc/arm-elf/4.1.1/../../../../arm-elf/lib/interwork/libc.a(memcmp.o)
 .glue_7t       0x00009ce8        0x0 /cygdrive/c/Embedded/GNUARM/bin/../lib/gcc/arm-elf/4.1.1/../../../../arm-elf/lib/interwork/libc.a(memcpy.o)
 .glue_7t       0x00009ce8        0x0 /cygdrive/c/Embedded/GNUARM/bin/../lib/gcc/arm-elf/4.1.1/../../../../arm-elf/lib/interwork/libc.a(rand.o)
 .glue_7t       0x00009ce8        0x0 /cygdrive/c/Embedded/GNUARM/bin/../lib/gcc/arm-elf/4.1.1/../../../../arm-elf/lib/interwork/libc.a(strchr.o)
 .glue_7t       0x00009ce8        0x0 /cygdrive/c/Embedded/GNUARM/bin/../lib/gcc/arm-elf/4.1.1/../../../../arm-elf/lib/interwork/libc.a(strcpy.o)
 .glue_7t       0x00009ce8        0x0 /cygdrive/c/Embedded/GNUARM/bin/../lib/gcc/arm-elf/4.1.1/../../../../arm-elf/lib/interwork/libc.a(strlen.o)
 .glue_7t       0x00009ce8        0x0 /cygdrive/c/Embedded/GNUARM/bin/../lib/gcc/arm-elf/4.1.1/../../../../arm-elf/lib/interwork/libc.a(strncmp.o)
 .glue_7t       0x00009ce8        0x0 /cygdrive/c/Embedded/GNUARM/bin/../lib/gcc/arm-elf/4.1.1/../../../../arm-elf/lib/interwork/libc.a(strtol.o)
 .glue_7t       0x00009ce8      0x128 /cygdrive/c/Embedded/GNUARM/bin/../lib/gcc/arm-elf/4.1.1/../../../../arm-elf/lib/interwork/libc.a(ctype_.o)
                0x00009d64                __strcpy_change_to_arm
                0x00009d44                ____modsi3_change_to_arm
                0x00009d90                ____gtdf2_from_thumb
                0x00009d80                ____subdf3_from_thumb
                0x00009da4                ____ltdf2_change_to_arm
                0x00009db8                ____ledf2_from_thumb
                0x00009de0                __halRestoreInterrupts_oshal_from_thumb
                0x00009d84                ____subdf3_change_to_arm
                0x00009d04                __restoreIrq_change_to_arm
                0x00009d9c                ____gedf2_change_to_arm
                0x00009d24                __strchr_change_to_arm
                0x00009d08                __memcpy_from_thumb
                0x00009df0                __ctxSwitch_oshal_from_thumb
                0x00009dec                __stkFrameInit_oshal_change_to_arm
                0x00009d50                __srand_from_thumb
                0x00009d5c                __strncmp_change_to_arm
                0x00009e04                __initTimer_oshal_change_to_arm
                0x00009dd0                ____eqdf2_from_thumb
                0x00009e08                __startHighProc_oshal_from_thumb
                0x00009d1c                ____umodsi3_change_to_arm
                0x00009dc8                ____fixdfsi_from_thumb
                0x00009dac                ____divdf3_change_to_arm
                0x00009d60                __strcpy_from_thumb
                0x00009d98                ____gedf2_from_thumb
                0x00009d40                ____modsi3_from_thumb
                0x00009d2c                ____udivsi3_change_to_arm
                0x00009e0c                __startHighProc_oshal_change_to_arm
                0x00009df8                __ctxSwitchIsr_oshal_from_thumb
                0x00009d20                __strchr_from_thumb
                0x00009cfc                __disIrq_change_to_arm
                0x00009d78                ____fixunsdfsi_from_thumb
                0x00009db4                ____muldf3_change_to_arm
                0x00009dcc                ____fixdfsi_change_to_arm
                0x00009cf8                __disIrq_from_thumb
                0x00009da8                ____divdf3_from_thumb
                0x00009de4                __halRestoreInterrupts_oshal_change_to_arm
                0x00009cf4                __simplePrintf_change_to_arm
                0x00009d54                __srand_change_to_arm
                0x00009d18                ____umodsi3_from_thumb
                0x00009d48                ____divsi3_from_thumb
                0x00009d7c                ____fixunsdfsi_change_to_arm
                0x00009d74                ____adddf3_change_to_arm
                0x00009d94                ____gtdf2_change_to_arm
                0x00009df4                __ctxSwitch_oshal_change_to_arm
                0x00009d68                ____floatsidf_from_thumb
                0x00009da0                ____ltdf2_from_thumb
                0x00009de8                __stkFrameInit_oshal_from_thumb
                0x00009d28                ____udivsi3_from_thumb
                0x00009ce8                __eaInit_from_thumb
                0x00009d8c                ____nedf2_change_to_arm
                0x00009d30                __consolGetChar_from_thumb
                0x00009d70                ____adddf3_from_thumb
                0x00009cf0                __simplePrintf_from_thumb
                0x00009e00                __initTimer_oshal_from_thumb
                0x00009cec                __eaInit_change_to_arm
                0x00009d34                __consolGetChar_change_to_arm
                0x00009dd4                ____eqdf2_change_to_arm
                0x00009dfc                __ctxSwitchIsr_oshal_change_to_arm
                0x00009d38                __rand_from_thumb
                0x00009d10                __memcmp_from_thumb
                0x00009d14                __memcmp_change_to_arm
                0x00009ddc                __halDisableInterrupts_oshal_change_to_arm
                0x00009dd8                __halDisableInterrupts_oshal_from_thumb
                0x00009dc4                ____errno_change_to_arm
                0x00009db0                ____muldf3_from_thumb
                0x00009dc0                ____errno_from_thumb
                0x00009d00                __restoreIrq_from_thumb
                0x00009d88                ____nedf2_from_thumb
                0x00009d0c                __memcpy_change_to_arm
                0x00009dbc                ____ledf2_change_to_arm
                0x00009d58                __strncmp_from_thumb
                0x00009d4c                ____divsi3_change_to_arm
                0x00009d6c                ____floatsidf_change_to_arm
                0x00009d3c                __rand_change_to_arm
                0x00009e10                . = ALIGN (0x4)

.rodata         0x00009e10     0xcfb4
 *(.rodata)
 .rodata        0x00009e10     0x3c7e main.o
                0x0000af18                _fire_2_100x40c
                0x0000c946                _fire_5_100x40c
                0x0000a636                _fire_1_100x40c
                0x0000b82c                _fire_3_100x40c
                0x00009e10                _fire_0_100x40c
                0x0000c0d4                _fire_4_100x40c
                0x0000d1e6                _fire_6_100x40c
 .rodata        0x0000da8e      0x55c lcd.o
                0x0000da8e                charMap
 *fill*         0x0000dfea        0x2 00
 .rodata        0x0000dfec     0x4c48 startupDisplay.o
                0x0000e470                _ea_97x60c
                0x0000ebcc                _future_128x39c
                0x000107ce                _fun_0_130x90c
                0x0000f708                _philips_122x25c
                0x000100b4                _segger_85x40c
                0x000119da                _fun_1_130x90c
 .rodata        0x00012c34       0x30 bt.o
 .rodata        0x00012c64     0x3470 exampleGame.o
                0x00012c64                _brickWall_130x130c
 .rodata        0x000160d4       0x10 pong.o
 .rodata        0x000160e4       0x11 hw.o
 *fill*         0x000160f5        0x3 00
 .rodata        0x000160f8       0x10 startup/libea_startup_thumb.a(consol.o)
 .rodata        0x00016108      0x188 gcc_files/libm.a(e_rem_pio2.o)
 .rodata        0x00016290       0x50 gcc_files/libm.a(k_rem_pio2.o)
 .rodata        0x000162e0        0x4 gcc_files/libm.a(s_lib_ver.o)
                0x000162e0                __fdlib_version
 .rodata        0x000162e4        0x4 /cygdrive/c/Embedded/GNUARM/bin/../lib/gcc/arm-elf/4.1.1/../../../../arm-elf/lib/interwork/libc.a(impure.o)
                0x000162e4                _global_impure_ptr
 .rodata        0x000162e8      0x101 /cygdrive/c/Embedded/GNUARM/bin/../lib/gcc/arm-elf/4.1.1/../../../../arm-elf/lib/interwork/libc.a(ctype_.o)
                0x000162e8                _ctype_
 *(.rodata*)
 *fill*         0x000163e9        0x3 00
 .rodata.str1.4
                0x000163ec      0x350 main.o
 .rodata.str1.4
                0x0001673c      0x32c bt.o
                                0x330 (size before relaxing)
 .rodata.str1.4
                0x00016a68       0xb9 snake.o
                                 0xbc (size before relaxing)
 *fill*         0x00016b21        0x3 00
 .rodata.str1.4
                0x00016b24       0x1f exampleGame.o
                                 0x48 (size before relaxing)
 *fill*         0x00016b43        0x1 00
 .rodata.str1.4
                0x00016b44      0x183 pong.o
                                0x23c (size before relaxing)
 *fill*         0x00016cc7        0x1 00
 .rodata.str1.4
                0x00016cc8       0x18 startup/libea_startup_thumb.a(consol.o)
 .rodata.str1.4
                0x00016ce0       0xd8 startup/libea_startup_thumb.a(framework.o)
 .rodata.str1.4
                0x00016db8        0x5 gcc_files/libm.a(w_sqrt.o)
                                  0x8 (size before relaxing)
 *fill*         0x00016dbd        0x3 00
 .rodata.str1.4
                0x00016dc0        0x4 /cygdrive/c/Embedded/GNUARM/bin/../lib/gcc/arm-elf/4.1.1/../../../../arm-elf/lib/interwork/libc.a(impure.o)
                0x00016dc4                . = ALIGN (0x4)
                0x00016dc4                _etext = .
                0x00016dc4                PROVIDE (etext, .)

.data           0x40000080      0x5a0 load address 0x00016dc4
                0x40000080                _data = .
 *(.data)
 .data          0x40000080        0x0 main.o
 .data          0x40000080        0x0 lcd.o
 .data          0x40000080        0x0 startupDisplay.o
 .data          0x40000080        0x5 key.o
 .data          0x40000085        0x0 select.o
 .data          0x40000085        0x0 uart.o
 .data          0x40000085        0x0 bt.o
 .data          0x40000085        0x1 snake.o
 .data          0x40000086      0x130 exampleGame.o
                0x40000086                figures
 *fill*         0x400001b6        0x2 00
 .data          0x400001b8       0x60 pong.o
 .data          0x40000218        0x0 eeprom.o
 .data          0x40000218        0x0 i2c.o
 .data          0x40000218        0x0 hw.o
 .data          0x40000218        0x0 startup/libea_startup_thumb.a(consol.o)
 .data          0x40000218        0x0 startup/libea_startup_thumb.a(framework.o)
 .data          0x40000218        0x0 startup/libea_startup_thumb.a(startup.o)
 .data          0x40000218        0x0 irq_code/irqUart.a(irqUart.o)
 .data          0x40000218        0x0 gcc_files/libm.a(s_cos.o)
 .data          0x40000218        0x0 gcc_files/libm.a(s_floor.o)
 .data          0x40000218        0x0 gcc_files/libm.a(s_sin.o)
 .data          0x40000218        0x0 gcc_files/libm.a(w_sqrt.o)
 .data          0x40000218        0x0 gcc_files/libm.a(e_rem_pio2.o)
 .data          0x40000218        0x0 gcc_files/libm.a(e_sqrt.o)
 .data          0x40000218        0x0 gcc_files/libm.a(k_cos.o)
 .data          0x40000218        0x0 gcc_files/libm.a(k_rem_pio2.o)
 .data          0x40000218        0x0 gcc_files/libm.a(k_sin.o)
 .data          0x40000218        0x0 gcc_files/libm.a(s_fabs.o)
 .data          0x40000218        0x0 gcc_files/libm.a(s_isnan.o)
 .data          0x40000218        0x0 gcc_files/libm.a(s_lib_ver.o)
 .data          0x40000218        0x0 gcc_files/libm.a(s_matherr.o)
 .data          0x40000218        0x0 gcc_files/libm.a(s_scalbn.o)
 .data          0x40000218        0x0 gcc_files/libm.a(s_copysign.o)
 .data          0x40000218        0x0 pre_emptive_os/pre_emptive_os.a(kernel.o)
 .data          0x40000218        0x0 pre_emptive_os/pre_emptive_os.a(prioqueue.o)
 .data          0x40000218        0x0 pre_emptive_os/pre_emptive_os.a(count_sem.o)
 .data          0x40000218        0x0 pre_emptive_os/pre_emptive_os.a(timer.o)
 .data          0x40000218        0x0 pre_emptive_os/pre_emptive_os.a(stack_usage.o)
 .data          0x40000218        0x0 pre_emptive_os/pre_emptive_os.a(a7hal.o)
 .data          0x40000218        0x0 pre_emptive_os/pre_emptive_os.a(a7hal_a.o)
 .data          0x40000218        0x0 pre_emptive_os/pre_emptive_os.a(event.o)
 .data          0x40000218        0x0 /cygdrive/c/Embedded/GNUARM/bin/../lib/gcc/arm-elf/4.1.1/interwork/libgcc.a(_udivsi3.o)
 .data          0x40000218        0x0 /cygdrive/c/Embedded/GNUARM/bin/../lib/gcc/arm-elf/4.1.1/interwork/libgcc.a(_divsi3.o)
 .data          0x40000218        0x0 /cygdrive/c/Embedded/GNUARM/bin/../lib/gcc/arm-elf/4.1.1/interwork/libgcc.a(_umodsi3.o)
 .data          0x40000218        0x0 /cygdrive/c/Embedded/GNUARM/bin/../lib/gcc/arm-elf/4.1.1/interwork/libgcc.a(_modsi3.o)
 .data          0x40000218        0x0 /cygdrive/c/Embedded/GNUARM/bin/../lib/gcc/arm-elf/4.1.1/interwork/libgcc.a(_dvmd_tls.o)
 .data          0x40000218        0x0 /cygdrive/c/Embedded/GNUARM/bin/../lib/gcc/arm-elf/4.1.1/interwork/libgcc.a(_call_via_rX.o)
 .data          0x40000218        0x0 /cygdrive/c/Embedded/GNUARM/bin/../lib/gcc/arm-elf/4.1.1/interwork/libgcc.a(_addsubdf3.o)
 .data          0x40000218        0x0 /cygdrive/c/Embedded/GNUARM/bin/../lib/gcc/arm-elf/4.1.1/interwork/libgcc.a(_muldivdf3.o)
 .data          0x40000218        0x0 /cygdrive/c/Embedded/GNUARM/bin/../lib/gcc/arm-elf/4.1.1/interwork/libgcc.a(_cmpdf2.o)
 .data          0x40000218        0x0 /cygdrive/c/Embedded/GNUARM/bin/../lib/gcc/arm-elf/4.1.1/interwork/libgcc.a(_fixdfsi.o)
 .data          0x40000218        0x0 /cygdrive/c/Embedded/GNUARM/bin/../lib/gcc/arm-elf/4.1.1/interwork/libgcc.a(_fixunsdfsi.o)
 .data          0x40000218        0x0 /cygdrive/c/Embedded/GNUARM/bin/../lib/gcc/arm-elf/4.1.1/../../../../arm-elf/lib/interwork/libc.a(atoi.o)
 .data          0x40000218        0x0 /cygdrive/c/Embedded/GNUARM/bin/../lib/gcc/arm-elf/4.1.1/../../../../arm-elf/lib/interwork/libc.a(errno.o)
 .data          0x40000218      0x404 /cygdrive/c/Embedded/GNUARM/bin/../lib/gcc/arm-elf/4.1.1/../../../../arm-elf/lib/interwork/libc.a(impure.o)
                0x40000218                _impure_ptr
 .data          0x4000061c        0x0 /cygdrive/c/Embedded/GNUARM/bin/../lib/gcc/arm-elf/4.1.1/../../../../arm-elf/lib/interwork/libc.a(memcmp.o)
 .data          0x4000061c        0x0 /cygdrive/c/Embedded/GNUARM/bin/../lib/gcc/arm-elf/4.1.1/../../../../arm-elf/lib/interwork/libc.a(memcpy.o)
 .data          0x4000061c        0x0 /cygdrive/c/Embedded/GNUARM/bin/../lib/gcc/arm-elf/4.1.1/../../../../arm-elf/lib/interwork/libc.a(rand.o)
 .data          0x4000061c        0x0 /cygdrive/c/Embedded/GNUARM/bin/../lib/gcc/arm-elf/4.1.1/../../../../arm-elf/lib/interwork/libc.a(strchr.o)
 .data          0x4000061c        0x0 /cygdrive/c/Embedded/GNUARM/bin/../lib/gcc/arm-elf/4.1.1/../../../../arm-elf/lib/interwork/libc.a(strcpy.o)
 .data          0x4000061c        0x0 /cygdrive/c/Embedded/GNUARM/bin/../lib/gcc/arm-elf/4.1.1/../../../../arm-elf/lib/interwork/libc.a(strlen.o)
 .data          0x4000061c        0x0 /cygdrive/c/Embedded/GNUARM/bin/../lib/gcc/arm-elf/4.1.1/../../../../arm-elf/lib/interwork/libc.a(strncmp.o)
 .data          0x4000061c        0x0 /cygdrive/c/Embedded/GNUARM/bin/../lib/gcc/arm-elf/4.1.1/../../../../arm-elf/lib/interwork/libc.a(strtol.o)
 .data          0x4000061c        0x4 /cygdrive/c/Embedded/GNUARM/bin/../lib/gcc/arm-elf/4.1.1/../../../../arm-elf/lib/interwork/libc.a(ctype_.o)
                0x4000061c                __ctype_ptr
                0x40000620                . = ALIGN (0x4)
                0x40000620                _edata = .
                0x40000620                PROVIDE (edata, .)

.bss            0x40000620     0x1d9c
                0x40000620                _bss = .
                0x40000620                __bss_start = .
                0x40000620                __bss_start__ = .
 *(.bss)
 .bss           0x40000620      0x579 main.o
 .bss           0x40000b99        0x5 lcd.o
 .bss           0x40000b9e        0x0 startupDisplay.o
 .bss           0x40000b9e      0x134 key.o
 *fill*         0x40000cd2        0x2 00
 .bss           0x40000cd4       0x34 select.o
 .bss           0x40000d08       0x18 uart.o
                0x40000d10                uart1TxRunning
                0x40000d08                uart1TxHead
                0x40000d0c                uart1TxTail
                0x40000d14                uart1RxHead
                0x40000d1c                uart1RxInBuff
                0x40000d18                uart1RxTail
 .bss           0x40000d20      0x404 bt.o
 .bss           0x40001124      0x280 snake.o
 .bss           0x400013a4      0x298 exampleGame.o
 .bss           0x4000163c       0xd8 pong.o
 .bss           0x40001714        0x0 eeprom.o
 .bss           0x40001714       0x1c i2c.o
 .bss           0x40001730        0x2 hw.o
 .bss           0x40001732        0x0 startup/libea_startup_thumb.a(consol.o)
 .bss           0x40001732        0x0 startup/libea_startup_thumb.a(framework.o)
 .bss           0x40001732        0x0 startup/libea_startup_thumb.a(startup.o)
 .bss           0x40001732        0x0 irq_code/irqUart.a(irqUart.o)
 .bss           0x40001732        0x0 gcc_files/libm.a(s_cos.o)
 .bss           0x40001732        0x0 gcc_files/libm.a(s_floor.o)
 .bss           0x40001732        0x0 gcc_files/libm.a(s_sin.o)
 .bss           0x40001732        0x0 gcc_files/libm.a(w_sqrt.o)
 .bss           0x40001732        0x0 gcc_files/libm.a(e_rem_pio2.o)
 .bss           0x40001732        0x0 gcc_files/libm.a(e_sqrt.o)
 .bss           0x40001732        0x0 gcc_files/libm.a(k_cos.o)
 .bss           0x40001732        0x0 gcc_files/libm.a(k_rem_pio2.o)
 .bss           0x40001732        0x0 gcc_files/libm.a(k_sin.o)
 .bss           0x40001732        0x0 gcc_files/libm.a(s_fabs.o)
 .bss           0x40001732        0x0 gcc_files/libm.a(s_isnan.o)
 .bss           0x40001732        0x0 gcc_files/libm.a(s_lib_ver.o)
 .bss           0x40001732        0x0 gcc_files/libm.a(s_matherr.o)
 .bss           0x40001732        0x0 gcc_files/libm.a(s_scalbn.o)
 .bss           0x40001732        0x0 gcc_files/libm.a(s_copysign.o)
 *fill*         0x40001732        0x2 00
 .bss           0x40001734       0x2c pre_emptive_os/pre_emptive_os.a(kernel.o)
                0x40001734                osLockNesting
                0x40001738                pNxtToRun
                0x4000173c                pRunProc
                0x40001735                isrNesting
 .bss           0x40001760        0x0 pre_emptive_os/pre_emptive_os.a(prioqueue.o)
 .bss           0x40001760        0x0 pre_emptive_os/pre_emptive_os.a(count_sem.o)
 .bss           0x40001760      0x348 pre_emptive_os/pre_emptive_os.a(timer.o)
 .bss           0x40001aa8        0x0 pre_emptive_os/pre_emptive_os.a(stack_usage.o)
 .bss           0x40001aa8        0x0 pre_emptive_os/pre_emptive_os.a(a7hal.o)
 .bss           0x40001aa8        0x0 pre_emptive_os/pre_emptive_os.a(a7hal_a.o)
 .bss           0x40001aa8        0x0 pre_emptive_os/pre_emptive_os.a(event.o)
 .bss           0x40001aa8        0x0 /cygdrive/c/Embedded/GNUARM/bin/../lib/gcc/arm-elf/4.1.1/interwork/libgcc.a(_udivsi3.o)
 .bss           0x40001aa8        0x0 /cygdrive/c/Embedded/GNUARM/bin/../lib/gcc/arm-elf/4.1.1/interwork/libgcc.a(_divsi3.o)
 .bss           0x40001aa8        0x0 /cygdrive/c/Embedded/GNUARM/bin/../lib/gcc/arm-elf/4.1.1/interwork/libgcc.a(_umodsi3.o)
 .bss           0x40001aa8        0x0 /cygdrive/c/Embedded/GNUARM/bin/../lib/gcc/arm-elf/4.1.1/interwork/libgcc.a(_modsi3.o)
 .bss           0x40001aa8        0x0 /cygdrive/c/Embedded/GNUARM/bin/../lib/gcc/arm-elf/4.1.1/interwork/libgcc.a(_dvmd_tls.o)
 .bss           0x40001aa8        0x0 /cygdrive/c/Embedded/GNUARM/bin/../lib/gcc/arm-elf/4.1.1/interwork/libgcc.a(_call_via_rX.o)
 .bss           0x40001aa8        0x0 /cygdrive/c/Embedded/GNUARM/bin/../lib/gcc/arm-elf/4.1.1/interwork/libgcc.a(_addsubdf3.o)
 .bss           0x40001aa8        0x0 /cygdrive/c/Embedded/GNUARM/bin/../lib/gcc/arm-elf/4.1.1/interwork/libgcc.a(_muldivdf3.o)
 .bss           0x40001aa8        0x0 /cygdrive/c/Embedded/GNUARM/bin/../lib/gcc/arm-elf/4.1.1/interwork/libgcc.a(_cmpdf2.o)
 .bss           0x40001aa8        0x0 /cygdrive/c/Embedded/GNUARM/bin/../lib/gcc/arm-elf/4.1.1/interwork/libgcc.a(_fixdfsi.o)
 .bss           0x40001aa8        0x0 /cygdrive/c/Embedded/GNUARM/bin/../lib/gcc/arm-elf/4.1.1/interwork/libgcc.a(_fixunsdfsi.o)
 .bss           0x40001aa8        0x0 /cygdrive/c/Embedded/GNUARM/bin/../lib/gcc/arm-elf/4.1.1/../../../../arm-elf/lib/interwork/libc.a(atoi.o)
 .bss           0x40001aa8        0x0 /cygdrive/c/Embedded/GNUARM/bin/../lib/gcc/arm-elf/4.1.1/../../../../arm-elf/lib/interwork/libc.a(errno.o)
 .bss           0x40001aa8        0x0 /cygdrive/c/Embedded/GNUARM/bin/../lib/gcc/arm-elf/4.1.1/../../../../arm-elf/lib/interwork/libc.a(impure.o)
 .bss           0x40001aa8        0x0 /cygdrive/c/Embedded/GNUARM/bin/../lib/gcc/arm-elf/4.1.1/../../../../arm-elf/lib/interwork/libc.a(memcmp.o)
 .bss           0x40001aa8        0x0 /cygdrive/c/Embedded/GNUARM/bin/../lib/gcc/arm-elf/4.1.1/../../../../arm-elf/lib/interwork/libc.a(memcpy.o)
 .bss           0x40001aa8        0x0 /cygdrive/c/Embedded/GNUARM/bin/../lib/gcc/arm-elf/4.1.1/../../../../arm-elf/lib/interwork/libc.a(rand.o)
 .bss           0x40001aa8        0x0 /cygdrive/c/Embedded/GNUARM/bin/../lib/gcc/arm-elf/4.1.1/../../../../arm-elf/lib/interwork/libc.a(strchr.o)
 .bss           0x40001aa8        0x0 /cygdrive/c/Embedded/GNUARM/bin/../lib/gcc/arm-elf/4.1.1/../../../../arm-elf/lib/interwork/libc.a(strcpy.o)
 .bss           0x40001aa8        0x0 /cygdrive/c/Embedded/GNUARM/bin/../lib/gcc/arm-elf/4.1.1/../../../../arm-elf/lib/interwork/libc.a(strlen.o)
 .bss           0x40001aa8        0x0 /cygdrive/c/Embedded/GNUARM/bin/../lib/gcc/arm-elf/4.1.1/../../../../arm-elf/lib/interwork/libc.a(strncmp.o)
 .bss           0x40001aa8        0x0 /cygdrive/c/Embedded/GNUARM/bin/../lib/gcc/arm-elf/4.1.1/../../../../arm-elf/lib/interwork/libc.a(strtol.o)
 .bss           0x40001aa8        0x0 /cygdrive/c/Embedded/GNUARM/bin/../lib/gcc/arm-elf/4.1.1/../../../../arm-elf/lib/interwork/libc.a(ctype_.o)
 *(COMMON)
 COMMON         0x40001aa8        0x4 main.o
                0x40001aa8                ms
 COMMON         0x40001aac      0x51c uart.o
                0x40001aac                uart1RxBuf
                0x40001eac                receiveSem
                0x40001ec8                uart1TxBuf
 COMMON         0x40001fc8      0x320 snake.o
                0x40001fc8                snake
 COMMON         0x400022e8        0x2 hw.o
                0x400022e8                ver1_1
                0x400022e9                ver1_0
 *fill*         0x400022ea        0x2 00
 COMMON         0x400022ec        0x8 startup/libea_startup_thumb.a(framework.o)
                0x400022ec                pHeapEnd
                0x400022f0                pHeapStart
 COMMON         0x400022f4       0xc8 pre_emptive_os/pre_emptive_os.a(kernel.o)
                0x400022f4                processControlBlocks
                0x400023bc                . = ALIGN (0x4)
                0x400023bc                . = ALIGN (0x4)
                0x400023bc                __bss_end = .
                0x400023bc                __bss_end__ = .
                0x400023bc                _end = .
                0x400023bc                PROVIDE (end, .)

.stab           0x00000000      0x600
 *(.stab)
 .stab          0x00000000      0x3c0 startup/libea_startup_thumb.a(startup.o)
 .stab          0x000003c0      0x240 pre_emptive_os/pre_emptive_os.a(a7hal_a.o)
                                0x24c (size before relaxing)

.stabstr        0x00000000       0x99
 *(.stabstr)
 .stabstr       0x00000000       0x99 startup/libea_startup_thumb.a(startup.o)

.stab.excl
 *(.stab.excl)

.stab.exclstr
 *(.stab.exclstr)

.stab.index
 *(.stab.index)

.stab.indexstr
 *(.stab.indexstr)

.comment        0x00000000      0x384
 *(.comment)
 .comment       0x00000000       0x12 main.o
 .comment       0x00000012       0x12 lcd.o
 .comment       0x00000024       0x12 startupDisplay.o
 .comment       0x00000036       0x12 key.o
 .comment       0x00000048       0x12 select.o
 .comment       0x0000005a       0x12 uart.o
 .comment       0x0000006c       0x12 bt.o
 .comment       0x0000007e       0x12 snake.o
 .comment       0x00000090       0x12 exampleGame.o
 .comment       0x000000a2       0x12 pong.o
 .comment       0x000000b4       0x12 eeprom.o
 .comment       0x000000c6       0x12 i2c.o
 .comment       0x000000d8       0x12 hw.o
 .comment       0x000000ea       0x12 startup/libea_startup_thumb.a(consol.o)
 .comment       0x000000fc       0x12 startup/libea_startup_thumb.a(framework.o)
 .comment       0x0000010e       0x12 irq_code/irqUart.a(irqUart.o)
 .comment       0x00000120       0x12 gcc_files/libm.a(s_cos.o)
 .comment       0x00000132       0x12 gcc_files/libm.a(s_floor.o)
 .comment       0x00000144       0x12 gcc_files/libm.a(s_sin.o)
 .comment       0x00000156       0x12 gcc_files/libm.a(w_sqrt.o)
 .comment       0x00000168       0x12 gcc_files/libm.a(e_rem_pio2.o)
 .comment       0x0000017a       0x12 gcc_files/libm.a(e_sqrt.o)
 .comment       0x0000018c       0x12 gcc_files/libm.a(k_cos.o)
 .comment       0x0000019e       0x12 gcc_files/libm.a(k_rem_pio2.o)
 .comment       0x000001b0       0x12 gcc_files/libm.a(k_sin.o)
 .comment       0x000001c2       0x12 gcc_files/libm.a(s_fabs.o)
 .comment       0x000001d4       0x12 gcc_files/libm.a(s_isnan.o)
 .comment       0x000001e6       0x12 gcc_files/libm.a(s_lib_ver.o)
 .comment       0x000001f8       0x12 gcc_files/libm.a(s_matherr.o)
 .comment       0x0000020a       0x12 gcc_files/libm.a(s_scalbn.o)
 .comment       0x0000021c       0x12 gcc_files/libm.a(s_copysign.o)
 .comment       0x0000022e       0x12 pre_emptive_os/pre_emptive_os.a(kernel.o)
 .comment       0x00000240       0x12 pre_emptive_os/pre_emptive_os.a(prioqueue.o)
 .comment       0x00000252       0x12 pre_emptive_os/pre_emptive_os.a(count_sem.o)
 .comment       0x00000264       0x12 pre_emptive_os/pre_emptive_os.a(timer.o)
 .comment       0x00000276       0x12 pre_emptive_os/pre_emptive_os.a(stack_usage.o)
 .comment       0x00000288       0x12 pre_emptive_os/pre_emptive_os.a(a7hal.o)
 .comment       0x0000029a       0x12 pre_emptive_os/pre_emptive_os.a(event.o)
 .comment       0x000002ac       0x12 /cygdrive/c/Embedded/GNUARM/bin/../lib/gcc/arm-elf/4.1.1/../../../../arm-elf/lib/interwork/libc.a(atoi.o)
 .comment       0x000002be       0x12 /cygdrive/c/Embedded/GNUARM/bin/../lib/gcc/arm-elf/4.1.1/../../../../arm-elf/lib/interwork/libc.a(errno.o)
 .comment       0x000002d0       0x12 /cygdrive/c/Embedded/GNUARM/bin/../lib/gcc/arm-elf/4.1.1/../../../../arm-elf/lib/interwork/libc.a(impure.o)
 .comment       0x000002e2       0x12 /cygdrive/c/Embedded/GNUARM/bin/../lib/gcc/arm-elf/4.1.1/../../../../arm-elf/lib/interwork/libc.a(memcmp.o)
 .comment       0x000002f4       0x12 /cygdrive/c/Embedded/GNUARM/bin/../lib/gcc/arm-elf/4.1.1/../../../../arm-elf/lib/interwork/libc.a(memcpy.o)
 .comment       0x00000306       0x12 /cygdrive/c/Embedded/GNUARM/bin/../lib/gcc/arm-elf/4.1.1/../../../../arm-elf/lib/interwork/libc.a(rand.o)
 .comment       0x00000318       0x12 /cygdrive/c/Embedded/GNUARM/bin/../lib/gcc/arm-elf/4.1.1/../../../../arm-elf/lib/interwork/libc.a(strchr.o)
 .comment       0x0000032a       0x12 /cygdrive/c/Embedded/GNUARM/bin/../lib/gcc/arm-elf/4.1.1/../../../../arm-elf/lib/interwork/libc.a(strcpy.o)
 .comment       0x0000033c       0x12 /cygdrive/c/Embedded/GNUARM/bin/../lib/gcc/arm-elf/4.1.1/../../../../arm-elf/lib/interwork/libc.a(strlen.o)
 .comment       0x0000034e       0x12 /cygdrive/c/Embedded/GNUARM/bin/../lib/gcc/arm-elf/4.1.1/../../../../arm-elf/lib/interwork/libc.a(strncmp.o)
 .comment       0x00000360       0x12 /cygdrive/c/Embedded/GNUARM/bin/../lib/gcc/arm-elf/4.1.1/../../../../arm-elf/lib/interwork/libc.a(strtol.o)
 .comment       0x00000372       0x12 /cygdrive/c/Embedded/GNUARM/bin/../lib/gcc/arm-elf/4.1.1/../../../../arm-elf/lib/interwork/libc.a(ctype_.o)

.debug
 *(.debug)

.line
 *(.line)

.debug_srcinfo
 *(.debug_srcinfo)

.debug_sfnames
 *(.debug_sfnames)

.debug_aranges  0x00000000      0x740
 *(.debug_aranges)
 .debug_aranges
                0x00000000       0x20 main.o
 .debug_aranges
                0x00000020       0x20 lcd.o
 .debug_aranges
                0x00000040       0x20 startupDisplay.o
 .debug_aranges
                0x00000060       0x20 key.o
 .debug_aranges
                0x00000080       0x20 select.o
 .debug_aranges
                0x000000a0       0x20 uart.o
 .debug_aranges
                0x000000c0       0x20 bt.o
 .debug_aranges
                0x000000e0       0x20 snake.o
 .debug_aranges
                0x00000100       0x20 exampleGame.o
 .debug_aranges
                0x00000120       0x20 pong.o
 .debug_aranges
                0x00000140       0x20 eeprom.o
 .debug_aranges
                0x00000160       0x20 i2c.o
 .debug_aranges
                0x00000180       0x20 hw.o
 .debug_aranges
                0x000001a0       0x20 startup/libea_startup_thumb.a(consol.o)
 .debug_aranges
                0x000001c0       0x20 startup/libea_startup_thumb.a(framework.o)
 .debug_aranges
                0x000001e0       0x20 irq_code/irqUart.a(irqUart.o)
 .debug_aranges
                0x00000200       0x20 gcc_files/libm.a(s_cos.o)
 .debug_aranges
                0x00000220       0x20 gcc_files/libm.a(s_floor.o)
 .debug_aranges
                0x00000240       0x20 gcc_files/libm.a(s_sin.o)
 .debug_aranges
                0x00000260       0x20 gcc_files/libm.a(w_sqrt.o)
 .debug_aranges
                0x00000280       0x20 gcc_files/libm.a(e_rem_pio2.o)
 .debug_aranges
                0x000002a0       0x20 gcc_files/libm.a(e_sqrt.o)
 .debug_aranges
                0x000002c0       0x20 gcc_files/libm.a(k_cos.o)
 .debug_aranges
                0x000002e0       0x20 gcc_files/libm.a(k_rem_pio2.o)
 .debug_aranges
                0x00000300       0x20 gcc_files/libm.a(k_sin.o)
 .debug_aranges
                0x00000320       0x20 gcc_files/libm.a(s_fabs.o)
 .debug_aranges
                0x00000340       0x20 gcc_files/libm.a(s_isnan.o)
 .debug_aranges
                0x00000360       0x20 gcc_files/libm.a(s_matherr.o)
 .debug_aranges
                0x00000380       0x20 gcc_files/libm.a(s_scalbn.o)
 .debug_aranges
                0x000003a0       0x20 gcc_files/libm.a(s_copysign.o)
 .debug_aranges
                0x000003c0       0x20 pre_emptive_os/pre_emptive_os.a(kernel.o)
 .debug_aranges
                0x000003e0       0x20 pre_emptive_os/pre_emptive_os.a(prioqueue.o)
 .debug_aranges
                0x00000400       0x20 pre_emptive_os/pre_emptive_os.a(count_sem.o)
 .debug_aranges
                0x00000420       0x20 pre_emptive_os/pre_emptive_os.a(timer.o)
 .debug_aranges
                0x00000440       0x20 pre_emptive_os/pre_emptive_os.a(stack_usage.o)
 .debug_aranges
                0x00000460       0x20 pre_emptive_os/pre_emptive_os.a(a7hal.o)
 .debug_aranges
                0x00000480       0x20 pre_emptive_os/pre_emptive_os.a(event.o)
 .debug_aranges
                0x000004a0       0x20 /cygdrive/c/Embedded/GNUARM/bin/../lib/gcc/arm-elf/4.1.1/interwork/libgcc.a(_udivsi3.o)
 .debug_aranges
                0x000004c0       0x20 /cygdrive/c/Embedded/GNUARM/bin/../lib/gcc/arm-elf/4.1.1/interwork/libgcc.a(_divsi3.o)
 .debug_aranges
                0x000004e0       0x20 /cygdrive/c/Embedded/GNUARM/bin/../lib/gcc/arm-elf/4.1.1/interwork/libgcc.a(_umodsi3.o)
 .debug_aranges
                0x00000500       0x20 /cygdrive/c/Embedded/GNUARM/bin/../lib/gcc/arm-elf/4.1.1/interwork/libgcc.a(_modsi3.o)
 .debug_aranges
                0x00000520       0x20 /cygdrive/c/Embedded/GNUARM/bin/../lib/gcc/arm-elf/4.1.1/interwork/libgcc.a(_dvmd_tls.o)
 .debug_aranges
                0x00000540       0x20 /cygdrive/c/Embedded/GNUARM/bin/../lib/gcc/arm-elf/4.1.1/interwork/libgcc.a(_call_via_rX.o)
 .debug_aranges
                0x00000560       0x20 /cygdrive/c/Embedded/GNUARM/bin/../lib/gcc/arm-elf/4.1.1/interwork/libgcc.a(_addsubdf3.o)
 .debug_aranges
                0x00000580       0x20 /cygdrive/c/Embedded/GNUARM/bin/../lib/gcc/arm-elf/4.1.1/interwork/libgcc.a(_muldivdf3.o)
 .debug_aranges
                0x000005a0       0x20 /cygdrive/c/Embedded/GNUARM/bin/../lib/gcc/arm-elf/4.1.1/interwork/libgcc.a(_cmpdf2.o)
 .debug_aranges
                0x000005c0       0x20 /cygdrive/c/Embedded/GNUARM/bin/../lib/gcc/arm-elf/4.1.1/interwork/libgcc.a(_fixdfsi.o)
 .debug_aranges
                0x000005e0       0x20 /cygdrive/c/Embedded/GNUARM/bin/../lib/gcc/arm-elf/4.1.1/interwork/libgcc.a(_fixunsdfsi.o)
 .debug_aranges
                0x00000600       0x20 /cygdrive/c/Embedded/GNUARM/bin/../lib/gcc/arm-elf/4.1.1/../../../../arm-elf/lib/interwork/libc.a(atoi.o)
 .debug_aranges
                0x00000620       0x20 /cygdrive/c/Embedded/GNUARM/bin/../lib/gcc/arm-elf/4.1.1/../../../../arm-elf/lib/interwork/libc.a(errno.o)
 .debug_aranges
                0x00000640       0x20 /cygdrive/c/Embedded/GNUARM/bin/../lib/gcc/arm-elf/4.1.1/../../../../arm-elf/lib/interwork/libc.a(memcmp.o)
 .debug_aranges
                0x00000660       0x20 /cygdrive/c/Embedded/GNUARM/bin/../lib/gcc/arm-elf/4.1.1/../../../../arm-elf/lib/interwork/libc.a(memcpy.o)
 .debug_aranges
                0x00000680       0x20 /cygdrive/c/Embedded/GNUARM/bin/../lib/gcc/arm-elf/4.1.1/../../../../arm-elf/lib/interwork/libc.a(rand.o)
 .debug_aranges
                0x000006a0       0x20 /cygdrive/c/Embedded/GNUARM/bin/../lib/gcc/arm-elf/4.1.1/../../../../arm-elf/lib/interwork/libc.a(strchr.o)
 .debug_aranges
                0x000006c0       0x20 /cygdrive/c/Embedded/GNUARM/bin/../lib/gcc/arm-elf/4.1.1/../../../../arm-elf/lib/interwork/libc.a(strcpy.o)
 .debug_aranges
                0x000006e0       0x20 /cygdrive/c/Embedded/GNUARM/bin/../lib/gcc/arm-elf/4.1.1/../../../../arm-elf/lib/interwork/libc.a(strlen.o)
 .debug_aranges
                0x00000700       0x20 /cygdrive/c/Embedded/GNUARM/bin/../lib/gcc/arm-elf/4.1.1/../../../../arm-elf/lib/interwork/libc.a(strncmp.o)
 .debug_aranges
                0x00000720       0x20 /cygdrive/c/Embedded/GNUARM/bin/../lib/gcc/arm-elf/4.1.1/../../../../arm-elf/lib/interwork/libc.a(strtol.o)

.debug_pubnames
                0x00000000      0xfcf
 *(.debug_pubnames)
 .debug_pubnames
                0x00000000       0xba main.o
 .debug_pubnames
                0x000000ba       0xe5 lcd.o
 .debug_pubnames
                0x0000019f       0x9e startupDisplay.o
 .debug_pubnames
                0x0000023d       0x4b key.o
 .debug_pubnames
                0x00000288       0x1f select.o
 .debug_pubnames
                0x000002a7      0x12d uart.o
 .debug_pubnames
                0x000003d4       0x51 bt.o
 .debug_pubnames
                0x00000425       0x36 snake.o
 .debug_pubnames
                0x0000045b       0x46 exampleGame.o
 .debug_pubnames
                0x000004a1       0x1f pong.o
 .debug_pubnames
                0x000004c0       0x71 eeprom.o
 .debug_pubnames
                0x00000531       0xee i2c.o
 .debug_pubnames
                0x0000061f       0xa8 hw.o
 .debug_pubnames
                0x000006c7       0xda startup/libea_startup_thumb.a(consol.o)
 .debug_pubnames
                0x000007a1       0x63 startup/libea_startup_thumb.a(framework.o)
 .debug_pubnames
                0x00000804       0x39 irq_code/irqUart.a(irqUart.o)
 .debug_pubnames
                0x0000083d       0x1a gcc_files/libm.a(s_cos.o)
 .debug_pubnames
                0x00000857       0x1c gcc_files/libm.a(s_floor.o)
 .debug_pubnames
                0x00000873       0x1a gcc_files/libm.a(s_sin.o)
 .debug_pubnames
                0x0000088d       0x1b gcc_files/libm.a(w_sqrt.o)
 .debug_pubnames
                0x000008a8       0x29 gcc_files/libm.a(e_rem_pio2.o)
 .debug_pubnames
                0x000008d1       0x25 gcc_files/libm.a(e_sqrt.o)
 .debug_pubnames
                0x000008f6       0x23 gcc_files/libm.a(k_cos.o)
 .debug_pubnames
                0x00000919       0x28 gcc_files/libm.a(k_rem_pio2.o)
 .debug_pubnames
                0x00000941       0x23 gcc_files/libm.a(k_sin.o)
 .debug_pubnames
                0x00000964       0x1b gcc_files/libm.a(s_fabs.o)
 .debug_pubnames
                0x0000097f       0x1c gcc_files/libm.a(s_isnan.o)
 .debug_pubnames
                0x0000099b       0x26 gcc_files/libm.a(s_lib_ver.o)
 .debug_pubnames
                0x000009c1       0x1e gcc_files/libm.a(s_matherr.o)
 .debug_pubnames
                0x000009df       0x1d gcc_files/libm.a(s_scalbn.o)
 .debug_pubnames
                0x000009fc       0x1f gcc_files/libm.a(s_copysign.o)
 .debug_pubnames
                0x00000a1b      0x17f pre_emptive_os/pre_emptive_os.a(kernel.o)
 .debug_pubnames
                0x00000b9a       0x76 pre_emptive_os/pre_emptive_os.a(prioqueue.o)
 .debug_pubnames
                0x00000c10       0x4d pre_emptive_os/pre_emptive_os.a(count_sem.o)
 .debug_pubnames
                0x00000c5d       0x55 pre_emptive_os/pre_emptive_os.a(timer.o)
 .debug_pubnames
                0x00000cb2       0x4e pre_emptive_os/pre_emptive_os.a(stack_usage.o)
 .debug_pubnames
                0x00000d00       0xc1 pre_emptive_os/pre_emptive_os.a(a7hal.o)
 .debug_pubnames
                0x00000dc1       0x63 pre_emptive_os/pre_emptive_os.a(event.o)
 .debug_pubnames
                0x00000e24       0x27 /cygdrive/c/Embedded/GNUARM/bin/../lib/gcc/arm-elf/4.1.1/../../../../arm-elf/lib/interwork/libc.a(atoi.o)
 .debug_pubnames
                0x00000e4b       0x1e /cygdrive/c/Embedded/GNUARM/bin/../lib/gcc/arm-elf/4.1.1/../../../../arm-elf/lib/interwork/libc.a(errno.o)
 .debug_pubnames
                0x00000e69       0x39 /cygdrive/c/Embedded/GNUARM/bin/../lib/gcc/arm-elf/4.1.1/../../../../arm-elf/lib/interwork/libc.a(impure.o)
 .debug_pubnames
                0x00000ea2       0x1d /cygdrive/c/Embedded/GNUARM/bin/../lib/gcc/arm-elf/4.1.1/../../../../arm-elf/lib/interwork/libc.a(memcmp.o)
 .debug_pubnames
                0x00000ebf       0x1d /cygdrive/c/Embedded/GNUARM/bin/../lib/gcc/arm-elf/4.1.1/../../../../arm-elf/lib/interwork/libc.a(memcpy.o)
 .debug_pubnames
                0x00000edc       0x25 /cygdrive/c/Embedded/GNUARM/bin/../lib/gcc/arm-elf/4.1.1/../../../../arm-elf/lib/interwork/libc.a(rand.o)
 .debug_pubnames
                0x00000f01       0x1d /cygdrive/c/Embedded/GNUARM/bin/../lib/gcc/arm-elf/4.1.1/../../../../arm-elf/lib/interwork/libc.a(strchr.o)
 .debug_pubnames
                0x00000f1e       0x1d /cygdrive/c/Embedded/GNUARM/bin/../lib/gcc/arm-elf/4.1.1/../../../../arm-elf/lib/interwork/libc.a(strcpy.o)
 .debug_pubnames
                0x00000f3b       0x1d /cygdrive/c/Embedded/GNUARM/bin/../lib/gcc/arm-elf/4.1.1/../../../../arm-elf/lib/interwork/libc.a(strlen.o)
 .debug_pubnames
                0x00000f58       0x1e /cygdrive/c/Embedded/GNUARM/bin/../lib/gcc/arm-elf/4.1.1/../../../../arm-elf/lib/interwork/libc.a(strncmp.o)
 .debug_pubnames
                0x00000f76       0x2b /cygdrive/c/Embedded/GNUARM/bin/../lib/gcc/arm-elf/4.1.1/../../../../arm-elf/lib/interwork/libc.a(strtol.o)
 .debug_pubnames
                0x00000fa1       0x2e /cygdrive/c/Embedded/GNUARM/bin/../lib/gcc/arm-elf/4.1.1/../../../../arm-elf/lib/interwork/libc.a(ctype_.o)

.debug_info     0x00000000     0xb5d7
 *(.debug_info .gnu.linkonce.wi.*)
 .debug_info    0x00000000      0x30f main.o
 .debug_info    0x0000030f      0x58f lcd.o
 .debug_info    0x0000089e      0x1b4 startupDisplay.o
 .debug_info    0x00000a52      0x23b key.o
 .debug_info    0x00000c8d      0x203 select.o
 .debug_info    0x00000e90      0x499 uart.o
 .debug_info    0x00001329      0xc44 bt.o
 .debug_info    0x00001f6d      0x445 snake.o
 .debug_info    0x000023b2      0x657 exampleGame.o
 .debug_info    0x00002a09      0xa8e pong.o
 .debug_info    0x00003497      0x30f eeprom.o
 .debug_info    0x000037a6      0x648 i2c.o
 .debug_info    0x00003dee      0x2d7 hw.o
 .debug_info    0x000040c5      0x584 startup/libea_startup_thumb.a(consol.o)
 .debug_info    0x00004649      0x1e4 startup/libea_startup_thumb.a(framework.o)
 .debug_info    0x0000482d      0x35b irq_code/irqUart.a(irqUart.o)
 .debug_info    0x00004b88       0xee gcc_files/libm.a(s_cos.o)
 .debug_info    0x00004c76      0x1a0 gcc_files/libm.a(s_floor.o)
 .debug_info    0x00004e16       0xee gcc_files/libm.a(s_sin.o)
 .debug_info    0x00004f04      0x172 gcc_files/libm.a(w_sqrt.o)
 .debug_info    0x00005076      0x390 gcc_files/libm.a(e_rem_pio2.o)
 .debug_info    0x00005406      0x211 gcc_files/libm.a(e_sqrt.o)
 .debug_info    0x00005617      0x20c gcc_files/libm.a(k_cos.o)
 .debug_info    0x00005823      0x2c0 gcc_files/libm.a(k_rem_pio2.o)
 .debug_info    0x00005ae3      0x18b gcc_files/libm.a(k_sin.o)
 .debug_info    0x00005c6e      0x151 gcc_files/libm.a(s_fabs.o)
 .debug_info    0x00005dbf      0x147 gcc_files/libm.a(s_isnan.o)
 .debug_info    0x00005f06       0xbe gcc_files/libm.a(s_lib_ver.o)
 .debug_info    0x00005fc4      0x125 gcc_files/libm.a(s_matherr.o)
 .debug_info    0x000060e9      0x1f4 gcc_files/libm.a(s_scalbn.o)
 .debug_info    0x000062dd      0x14a gcc_files/libm.a(s_copysign.o)
 .debug_info    0x00006427      0x5fe pre_emptive_os/pre_emptive_os.a(kernel.o)
 .debug_info    0x00006a25      0x2e8 pre_emptive_os/pre_emptive_os.a(prioqueue.o)
 .debug_info    0x00006d0d      0x32b pre_emptive_os/pre_emptive_os.a(count_sem.o)
 .debug_info    0x00007038      0x4b8 pre_emptive_os/pre_emptive_os.a(timer.o)
 .debug_info    0x000074f0      0x2cf pre_emptive_os/pre_emptive_os.a(stack_usage.o)
 .debug_info    0x000077bf      0x189 pre_emptive_os/pre_emptive_os.a(a7hal.o)
 .debug_info    0x00007948      0x2ee pre_emptive_os/pre_emptive_os.a(event.o)
 .debug_info    0x00007c36       0x68 /cygdrive/c/Embedded/GNUARM/bin/../lib/gcc/arm-elf/4.1.1/interwork/libgcc.a(_udivsi3.o)
 .debug_info    0x00007c9e       0x68 /cygdrive/c/Embedded/GNUARM/bin/../lib/gcc/arm-elf/4.1.1/interwork/libgcc.a(_divsi3.o)
 .debug_info    0x00007d06       0x68 /cygdrive/c/Embedded/GNUARM/bin/../lib/gcc/arm-elf/4.1.1/interwork/libgcc.a(_umodsi3.o)
 .debug_info    0x00007d6e       0x68 /cygdrive/c/Embedded/GNUARM/bin/../lib/gcc/arm-elf/4.1.1/interwork/libgcc.a(_modsi3.o)
 .debug_info    0x00007dd6       0x68 /cygdrive/c/Embedded/GNUARM/bin/../lib/gcc/arm-elf/4.1.1/interwork/libgcc.a(_dvmd_tls.o)
 .debug_info    0x00007e3e       0x68 /cygdrive/c/Embedded/GNUARM/bin/../lib/gcc/arm-elf/4.1.1/interwork/libgcc.a(_call_via_rX.o)
 .debug_info    0x00007ea6       0x67 /cygdrive/c/Embedded/GNUARM/bin/../lib/gcc/arm-elf/4.1.1/interwork/libgcc.a(_addsubdf3.o)
 .debug_info    0x00007f0d       0x67 /cygdrive/c/Embedded/GNUARM/bin/../lib/gcc/arm-elf/4.1.1/interwork/libgcc.a(_muldivdf3.o)
 .debug_info    0x00007f74       0x67 /cygdrive/c/Embedded/GNUARM/bin/../lib/gcc/arm-elf/4.1.1/interwork/libgcc.a(_cmpdf2.o)
 .debug_info    0x00007fdb       0x67 /cygdrive/c/Embedded/GNUARM/bin/../lib/gcc/arm-elf/4.1.1/interwork/libgcc.a(_fixdfsi.o)
 .debug_info    0x00008042       0x67 /cygdrive/c/Embedded/GNUARM/bin/../lib/gcc/arm-elf/4.1.1/interwork/libgcc.a(_fixunsdfsi.o)
 .debug_info    0x000080a9      0x949 /cygdrive/c/Embedded/GNUARM/bin/../lib/gcc/arm-elf/4.1.1/../../../../arm-elf/lib/interwork/libc.a(atoi.o)
 .debug_info    0x000089f2      0x913 /cygdrive/c/Embedded/GNUARM/bin/../lib/gcc/arm-elf/4.1.1/../../../../arm-elf/lib/interwork/libc.a(errno.o)
 .debug_info    0x00009305      0x922 /cygdrive/c/Embedded/GNUARM/bin/../lib/gcc/arm-elf/4.1.1/../../../../arm-elf/lib/interwork/libc.a(impure.o)
 .debug_info    0x00009c27      0x110 /cygdrive/c/Embedded/GNUARM/bin/../lib/gcc/arm-elf/4.1.1/../../../../arm-elf/lib/interwork/libc.a(memcmp.o)
 .debug_info    0x00009d37      0x10a /cygdrive/c/Embedded/GNUARM/bin/../lib/gcc/arm-elf/4.1.1/../../../../arm-elf/lib/interwork/libc.a(memcpy.o)
 .debug_info    0x00009e41      0x934 /cygdrive/c/Embedded/GNUARM/bin/../lib/gcc/arm-elf/4.1.1/../../../../arm-elf/lib/interwork/libc.a(rand.o)
 .debug_info    0x0000a775      0x10f /cygdrive/c/Embedded/GNUARM/bin/../lib/gcc/arm-elf/4.1.1/../../../../arm-elf/lib/interwork/libc.a(strchr.o)
 .debug_info    0x0000a884      0x107 /cygdrive/c/Embedded/GNUARM/bin/../lib/gcc/arm-elf/4.1.1/../../../../arm-elf/lib/interwork/libc.a(strcpy.o)
 .debug_info    0x0000a98b       0xd4 /cygdrive/c/Embedded/GNUARM/bin/../lib/gcc/arm-elf/4.1.1/../../../../arm-elf/lib/interwork/libc.a(strlen.o)
 .debug_info    0x0000aa5f       0xf0 /cygdrive/c/Embedded/GNUARM/bin/../lib/gcc/arm-elf/4.1.1/../../../../arm-elf/lib/interwork/libc.a(strncmp.o)
 .debug_info    0x0000ab4f      0xa0f /cygdrive/c/Embedded/GNUARM/bin/../lib/gcc/arm-elf/4.1.1/../../../../arm-elf/lib/interwork/libc.a(strtol.o)
 .debug_info    0x0000b55e       0x79 /cygdrive/c/Embedded/GNUARM/bin/../lib/gcc/arm-elf/4.1.1/../../../../arm-elf/lib/interwork/libc.a(ctype_.o)

.debug_abbrev   0x00000000     0x3954
 *(.debug_abbrev)
 .debug_abbrev  0x00000000      0x12e main.o
 .debug_abbrev  0x0000012e      0x1bf lcd.o
 .debug_abbrev  0x000002ed       0xa1 startupDisplay.o
 .debug_abbrev  0x0000038e      0x120 key.o
 .debug_abbrev  0x000004ae       0xe5 select.o
 .debug_abbrev  0x00000593      0x132 uart.o
 .debug_abbrev  0x000006c5      0x267 bt.o
 .debug_abbrev  0x0000092c      0x1e7 snake.o
 .debug_abbrev  0x00000b13      0x267 exampleGame.o
 .debug_abbrev  0x00000d7a      0x2b0 pong.o
 .debug_abbrev  0x0000102a       0xfd eeprom.o
 .debug_abbrev  0x00001127      0x1fa i2c.o
 .debug_abbrev  0x00001321      0x13c hw.o
 .debug_abbrev  0x0000145d      0x2a4 startup/libea_startup_thumb.a(consol.o)
 .debug_abbrev  0x00001701       0xd0 startup/libea_startup_thumb.a(framework.o)
 .debug_abbrev  0x000017d1      0x13e irq_code/irqUart.a(irqUart.o)
 .debug_abbrev  0x0000190f       0x8b gcc_files/libm.a(s_cos.o)
 .debug_abbrev  0x0000199a       0xe8 gcc_files/libm.a(s_floor.o)
 .debug_abbrev  0x00001a82       0x8b gcc_files/libm.a(s_sin.o)
 .debug_abbrev  0x00001b0d       0xc7 gcc_files/libm.a(w_sqrt.o)
 .debug_abbrev  0x00001bd4      0x128 gcc_files/libm.a(e_rem_pio2.o)
 .debug_abbrev  0x00001cfc      0x104 gcc_files/libm.a(e_sqrt.o)
 .debug_abbrev  0x00001e00       0xea gcc_files/libm.a(k_cos.o)
 .debug_abbrev  0x00001eea       0xe6 gcc_files/libm.a(k_rem_pio2.o)
 .debug_abbrev  0x00001fd0       0x93 gcc_files/libm.a(k_sin.o)
 .debug_abbrev  0x00002063       0xd0 gcc_files/libm.a(s_fabs.o)
 .debug_abbrev  0x00002133       0xd4 gcc_files/libm.a(s_isnan.o)
 .debug_abbrev  0x00002207       0x5a gcc_files/libm.a(s_lib_ver.o)
 .debug_abbrev  0x00002261       0x95 gcc_files/libm.a(s_matherr.o)
 .debug_abbrev  0x000022f6       0xe8 gcc_files/libm.a(s_scalbn.o)
 .debug_abbrev  0x000023de       0xc5 gcc_files/libm.a(s_copysign.o)
 .debug_abbrev  0x000024a3      0x1b8 pre_emptive_os/pre_emptive_os.a(kernel.o)
 .debug_abbrev  0x0000265b      0x11e pre_emptive_os/pre_emptive_os.a(prioqueue.o)
 .debug_abbrev  0x00002779      0x101 pre_emptive_os/pre_emptive_os.a(count_sem.o)
 .debug_abbrev  0x0000287a      0x154 pre_emptive_os/pre_emptive_os.a(timer.o)
 .debug_abbrev  0x000029ce      0x170 pre_emptive_os/pre_emptive_os.a(stack_usage.o)
 .debug_abbrev  0x00002b3e       0xf2 pre_emptive_os/pre_emptive_os.a(a7hal.o)
 .debug_abbrev  0x00002c30      0x103 pre_emptive_os/pre_emptive_os.a(event.o)
 .debug_abbrev  0x00002d33       0x14 /cygdrive/c/Embedded/GNUARM/bin/../lib/gcc/arm-elf/4.1.1/interwork/libgcc.a(_udivsi3.o)
 .debug_abbrev  0x00002d47       0x14 /cygdrive/c/Embedded/GNUARM/bin/../lib/gcc/arm-elf/4.1.1/interwork/libgcc.a(_divsi3.o)
 .debug_abbrev  0x00002d5b       0x14 /cygdrive/c/Embedded/GNUARM/bin/../lib/gcc/arm-elf/4.1.1/interwork/libgcc.a(_umodsi3.o)
 .debug_abbrev  0x00002d6f       0x14 /cygdrive/c/Embedded/GNUARM/bin/../lib/gcc/arm-elf/4.1.1/interwork/libgcc.a(_modsi3.o)
 .debug_abbrev  0x00002d83       0x14 /cygdrive/c/Embedded/GNUARM/bin/../lib/gcc/arm-elf/4.1.1/interwork/libgcc.a(_dvmd_tls.o)
 .debug_abbrev  0x00002d97       0x14 /cygdrive/c/Embedded/GNUARM/bin/../lib/gcc/arm-elf/4.1.1/interwork/libgcc.a(_call_via_rX.o)
 .debug_abbrev  0x00002dab       0x14 /cygdrive/c/Embedded/GNUARM/bin/../lib/gcc/arm-elf/4.1.1/interwork/libgcc.a(_addsubdf3.o)
 .debug_abbrev  0x00002dbf       0x14 /cygdrive/c/Embedded/GNUARM/bin/../lib/gcc/arm-elf/4.1.1/interwork/libgcc.a(_muldivdf3.o)
 .debug_abbrev  0x00002dd3       0x14 /cygdrive/c/Embedded/GNUARM/bin/../lib/gcc/arm-elf/4.1.1/interwork/libgcc.a(_cmpdf2.o)
 .debug_abbrev  0x00002de7       0x14 /cygdrive/c/Embedded/GNUARM/bin/../lib/gcc/arm-elf/4.1.1/interwork/libgcc.a(_fixdfsi.o)
 .debug_abbrev  0x00002dfb       0x14 /cygdrive/c/Embedded/GNUARM/bin/../lib/gcc/arm-elf/4.1.1/interwork/libgcc.a(_fixunsdfsi.o)
 .debug_abbrev  0x00002e0f      0x176 /cygdrive/c/Embedded/GNUARM/bin/../lib/gcc/arm-elf/4.1.1/../../../../arm-elf/lib/interwork/libc.a(atoi.o)
 .debug_abbrev  0x00002f85      0x15f /cygdrive/c/Embedded/GNUARM/bin/../lib/gcc/arm-elf/4.1.1/../../../../arm-elf/lib/interwork/libc.a(errno.o)
 .debug_abbrev  0x000030e4      0x157 /cygdrive/c/Embedded/GNUARM/bin/../lib/gcc/arm-elf/4.1.1/../../../../arm-elf/lib/interwork/libc.a(impure.o)
 .debug_abbrev  0x0000323b       0x7c /cygdrive/c/Embedded/GNUARM/bin/../lib/gcc/arm-elf/4.1.1/../../../../arm-elf/lib/interwork/libc.a(memcmp.o)
 .debug_abbrev  0x000032b7       0xa6 /cygdrive/c/Embedded/GNUARM/bin/../lib/gcc/arm-elf/4.1.1/../../../../arm-elf/lib/interwork/libc.a(memcpy.o)
 .debug_abbrev  0x0000335d      0x185 /cygdrive/c/Embedded/GNUARM/bin/../lib/gcc/arm-elf/4.1.1/../../../../arm-elf/lib/interwork/libc.a(rand.o)
 .debug_abbrev  0x000034e2       0x9e /cygdrive/c/Embedded/GNUARM/bin/../lib/gcc/arm-elf/4.1.1/../../../../arm-elf/lib/interwork/libc.a(strchr.o)
 .debug_abbrev  0x00003580       0xad /cygdrive/c/Embedded/GNUARM/bin/../lib/gcc/arm-elf/4.1.1/../../../../arm-elf/lib/interwork/libc.a(strcpy.o)
 .debug_abbrev  0x0000362d       0x8b /cygdrive/c/Embedded/GNUARM/bin/../lib/gcc/arm-elf/4.1.1/../../../../arm-elf/lib/interwork/libc.a(strlen.o)
 .debug_abbrev  0x000036b8       0x8d /cygdrive/c/Embedded/GNUARM/bin/../lib/gcc/arm-elf/4.1.1/../../../../arm-elf/lib/interwork/libc.a(strncmp.o)
 .debug_abbrev  0x00003745      0x1bd /cygdrive/c/Embedded/GNUARM/bin/../lib/gcc/arm-elf/4.1.1/../../../../arm-elf/lib/interwork/libc.a(strtol.o)
 .debug_abbrev  0x00003902       0x52 /cygdrive/c/Embedded/GNUARM/bin/../lib/gcc/arm-elf/4.1.1/../../../../arm-elf/lib/interwork/libc.a(ctype_.o)

.debug_line     0x00000000     0x3cde
 *(.debug_line)
 .debug_line    0x00000000      0x133 main.o
 .debug_line    0x00000133      0x183 lcd.o
 .debug_line    0x000002b6      0x1ec startupDisplay.o
 .debug_line    0x000004a2       0xb8 key.o
 .debug_line    0x0000055a       0xa6 select.o
 .debug_line    0x00000600      0x112 uart.o
 .debug_line    0x00000712      0x36c bt.o
 .debug_line    0x00000a7e      0x14b snake.o
 .debug_line    0x00000bc9      0x179 exampleGame.o
 .debug_line    0x00000d42      0x37d pong.o
 .debug_line    0x000010bf      0x135 eeprom.o
 .debug_line    0x000011f4      0x162 i2c.o
 .debug_line    0x00001356      0x12f hw.o
 .debug_line    0x00001485      0x193 startup/libea_startup_thumb.a(consol.o)
 .debug_line    0x00001618       0xd7 startup/libea_startup_thumb.a(framework.o)
 .debug_line    0x000016ef       0xd2 irq_code/irqUart.a(irqUart.o)
 .debug_line    0x000017c1       0xc2 gcc_files/libm.a(s_cos.o)
 .debug_line    0x00001883      0x12a gcc_files/libm.a(s_floor.o)
 .debug_line    0x000019ad       0xc2 gcc_files/libm.a(s_sin.o)
 .debug_line    0x00001a6f       0xbf gcc_files/libm.a(w_sqrt.o)
 .debug_line    0x00001b2e      0x17c gcc_files/libm.a(e_rem_pio2.o)
 .debug_line    0x00001caa      0x166 gcc_files/libm.a(e_sqrt.o)
 .debug_line    0x00001e10      0x115 gcc_files/libm.a(k_cos.o)
 .debug_line    0x00001f25      0x17d gcc_files/libm.a(k_rem_pio2.o)
 .debug_line    0x000020a2       0xbc gcc_files/libm.a(k_sin.o)
 .debug_line    0x0000215e       0xf3 gcc_files/libm.a(s_fabs.o)
 .debug_line    0x00002251       0xfb gcc_files/libm.a(s_isnan.o)
 .debug_line    0x0000234c       0x96 gcc_files/libm.a(s_lib_ver.o)
 .debug_line    0x000023e2       0xa6 gcc_files/libm.a(s_matherr.o)
 .debug_line    0x00002488       0xe1 gcc_files/libm.a(s_scalbn.o)
 .debug_line    0x00002569       0xba gcc_files/libm.a(s_copysign.o)
 .debug_line    0x00002623      0x177 pre_emptive_os/pre_emptive_os.a(kernel.o)
 .debug_line    0x0000279a       0xbb pre_emptive_os/pre_emptive_os.a(prioqueue.o)
 .debug_line    0x00002855       0xd9 pre_emptive_os/pre_emptive_os.a(count_sem.o)
 .debug_line    0x0000292e      0x109 pre_emptive_os/pre_emptive_os.a(timer.o)
 .debug_line    0x00002a37       0x97 pre_emptive_os/pre_emptive_os.a(stack_usage.o)
 .debug_line    0x00002ace       0x8c pre_emptive_os/pre_emptive_os.a(a7hal.o)
 .debug_line    0x00002b5a       0xaf pre_emptive_os/pre_emptive_os.a(event.o)
 .debug_line    0x00002c09       0x84 /cygdrive/c/Embedded/GNUARM/bin/../lib/gcc/arm-elf/4.1.1/interwork/libgcc.a(_udivsi3.o)
 .debug_line    0x00002c8d       0x90 /cygdrive/c/Embedded/GNUARM/bin/../lib/gcc/arm-elf/4.1.1/interwork/libgcc.a(_divsi3.o)
 .debug_line    0x00002d1d       0x6e /cygdrive/c/Embedded/GNUARM/bin/../lib/gcc/arm-elf/4.1.1/interwork/libgcc.a(_umodsi3.o)
 .debug_line    0x00002d8b       0x74 /cygdrive/c/Embedded/GNUARM/bin/../lib/gcc/arm-elf/4.1.1/interwork/libgcc.a(_modsi3.o)
 .debug_line    0x00002dff       0x5d /cygdrive/c/Embedded/GNUARM/bin/../lib/gcc/arm-elf/4.1.1/interwork/libgcc.a(_dvmd_tls.o)
 .debug_line    0x00002e5c       0x6b /cygdrive/c/Embedded/GNUARM/bin/../lib/gcc/arm-elf/4.1.1/interwork/libgcc.a(_call_via_rX.o)
 .debug_line    0x00002ec7      0x165 /cygdrive/c/Embedded/GNUARM/bin/../lib/gcc/arm-elf/4.1.1/interwork/libgcc.a(_addsubdf3.o)
 .debug_line    0x0000302c      0x17a /cygdrive/c/Embedded/GNUARM/bin/../lib/gcc/arm-elf/4.1.1/interwork/libgcc.a(_muldivdf3.o)
 .debug_line    0x000031a6       0xa7 /cygdrive/c/Embedded/GNUARM/bin/../lib/gcc/arm-elf/4.1.1/interwork/libgcc.a(_cmpdf2.o)
 .debug_line    0x0000324d       0x72 /cygdrive/c/Embedded/GNUARM/bin/../lib/gcc/arm-elf/4.1.1/interwork/libgcc.a(_fixdfsi.o)
 .debug_line    0x000032bf       0x70 /cygdrive/c/Embedded/GNUARM/bin/../lib/gcc/arm-elf/4.1.1/interwork/libgcc.a(_fixunsdfsi.o)
 .debug_line    0x0000332f       0xf9 /cygdrive/c/Embedded/GNUARM/bin/../lib/gcc/arm-elf/4.1.1/../../../../arm-elf/lib/interwork/libc.a(atoi.o)
 .debug_line    0x00003428       0xf2 /cygdrive/c/Embedded/GNUARM/bin/../lib/gcc/arm-elf/4.1.1/../../../../arm-elf/lib/interwork/libc.a(errno.o)
 .debug_line    0x0000351a       0xe3 /cygdrive/c/Embedded/GNUARM/bin/../lib/gcc/arm-elf/4.1.1/../../../../arm-elf/lib/interwork/libc.a(impure.o)
 .debug_line    0x000035fd       0xc7 /cygdrive/c/Embedded/GNUARM/bin/../lib/gcc/arm-elf/4.1.1/../../../../arm-elf/lib/interwork/libc.a(memcmp.o)
 .debug_line    0x000036c4       0xc8 /cygdrive/c/Embedded/GNUARM/bin/../lib/gcc/arm-elf/4.1.1/../../../../arm-elf/lib/interwork/libc.a(memcpy.o)
 .debug_line    0x0000378c       0xf9 /cygdrive/c/Embedded/GNUARM/bin/../lib/gcc/arm-elf/4.1.1/../../../../arm-elf/lib/interwork/libc.a(rand.o)
 .debug_line    0x00003885       0x81 /cygdrive/c/Embedded/GNUARM/bin/../lib/gcc/arm-elf/4.1.1/../../../../arm-elf/lib/interwork/libc.a(strchr.o)
 .debug_line    0x00003906       0x7c /cygdrive/c/Embedded/GNUARM/bin/../lib/gcc/arm-elf/4.1.1/../../../../arm-elf/lib/interwork/libc.a(strcpy.o)
 .debug_line    0x00003982       0xaf /cygdrive/c/Embedded/GNUARM/bin/../lib/gcc/arm-elf/4.1.1/../../../../arm-elf/lib/interwork/libc.a(strlen.o)
 .debug_line    0x00003a31       0xdf /cygdrive/c/Embedded/GNUARM/bin/../lib/gcc/arm-elf/4.1.1/../../../../arm-elf/lib/interwork/libc.a(strncmp.o)
 .debug_line    0x00003b10      0x173 /cygdrive/c/Embedded/GNUARM/bin/../lib/gcc/arm-elf/4.1.1/../../../../arm-elf/lib/interwork/libc.a(strtol.o)
 .debug_line    0x00003c83       0x5b /cygdrive/c/Embedded/GNUARM/bin/../lib/gcc/arm-elf/4.1.1/../../../../arm-elf/lib/interwork/libc.a(ctype_.o)

.debug_frame    0x00000000     0x1848
 *(.debug_frame)
 .debug_frame   0x00000000       0x70 main.o
 .debug_frame   0x00000070      0x1b8 lcd.o
 .debug_frame   0x00000228       0x2c startupDisplay.o
 .debug_frame   0x00000254       0x80 key.o
 .debug_frame   0x000002d4       0x54 select.o
 .debug_frame   0x00000328       0xe8 uart.o
 .debug_frame   0x00000410      0x19c bt.o
 .debug_frame   0x000005ac       0x9c snake.o
 .debug_frame   0x00000648       0xac exampleGame.o
 .debug_frame   0x000006f4      0x164 pong.o
 .debug_frame   0x00000858       0xc4 eeprom.o
 .debug_frame   0x0000091c      0x140 i2c.o
 .debug_frame   0x00000a5c       0xf8 hw.o
 .debug_frame   0x00000b54      0x150 startup/libea_startup_thumb.a(consol.o)
 .debug_frame   0x00000ca4       0xd8 startup/libea_startup_thumb.a(framework.o)
 .debug_frame   0x00000d7c       0x4c irq_code/irqUart.a(irqUart.o)
 .debug_frame   0x00000dc8       0x30 gcc_files/libm.a(s_cos.o)
 .debug_frame   0x00000df8       0x38 gcc_files/libm.a(s_floor.o)
 .debug_frame   0x00000e30       0x30 gcc_files/libm.a(s_sin.o)
 .debug_frame   0x00000e60       0x38 gcc_files/libm.a(w_sqrt.o)
 .debug_frame   0x00000e98       0x3c gcc_files/libm.a(e_rem_pio2.o)
 .debug_frame   0x00000ed4       0x3c gcc_files/libm.a(e_sqrt.o)
 .debug_frame   0x00000f10       0x38 gcc_files/libm.a(k_cos.o)
 .debug_frame   0x00000f48       0x40 gcc_files/libm.a(k_rem_pio2.o)
 .debug_frame   0x00000f88       0x30 gcc_files/libm.a(k_sin.o)
 .debug_frame   0x00000fb8       0x28 gcc_files/libm.a(s_fabs.o)
 .debug_frame   0x00000fe0       0x28 gcc_files/libm.a(s_isnan.o)
 .debug_frame   0x00001008       0x20 gcc_files/libm.a(s_matherr.o)
 .debug_frame   0x00001028       0x34 gcc_files/libm.a(s_scalbn.o)
 .debug_frame   0x0000105c       0x2c gcc_files/libm.a(s_copysign.o)
 .debug_frame   0x00001088      0x1e8 pre_emptive_os/pre_emptive_os.a(kernel.o)
 .debug_frame   0x00001270       0x8c pre_emptive_os/pre_emptive_os.a(prioqueue.o)
 .debug_frame   0x000012fc       0x84 pre_emptive_os/pre_emptive_os.a(count_sem.o)
 .debug_frame   0x00001380       0xb8 pre_emptive_os/pre_emptive_os.a(timer.o)
 .debug_frame   0x00001438       0x58 pre_emptive_os/pre_emptive_os.a(stack_usage.o)
 .debug_frame   0x00001490       0xa0 pre_emptive_os/pre_emptive_os.a(a7hal.o)
 .debug_frame   0x00001530       0x94 pre_emptive_os/pre_emptive_os.a(event.o)
 .debug_frame   0x000015c4       0x2c /cygdrive/c/Embedded/GNUARM/bin/../lib/gcc/arm-elf/4.1.1/interwork/libgcc.a(_udivsi3.o)
 .debug_frame   0x000015f0       0x2c /cygdrive/c/Embedded/GNUARM/bin/../lib/gcc/arm-elf/4.1.1/interwork/libgcc.a(_divsi3.o)
 .debug_frame   0x0000161c       0x2c /cygdrive/c/Embedded/GNUARM/bin/../lib/gcc/arm-elf/4.1.1/interwork/libgcc.a(_umodsi3.o)
 .debug_frame   0x00001648       0x2c /cygdrive/c/Embedded/GNUARM/bin/../lib/gcc/arm-elf/4.1.1/interwork/libgcc.a(_modsi3.o)
 .debug_frame   0x00001674       0x40 /cygdrive/c/Embedded/GNUARM/bin/../lib/gcc/arm-elf/4.1.1/../../../../arm-elf/lib/interwork/libc.a(atoi.o)
 .debug_frame   0x000016b4       0x20 /cygdrive/c/Embedded/GNUARM/bin/../lib/gcc/arm-elf/4.1.1/../../../../arm-elf/lib/interwork/libc.a(errno.o)
 .debug_frame   0x000016d4       0x28 /cygdrive/c/Embedded/GNUARM/bin/../lib/gcc/arm-elf/4.1.1/../../../../arm-elf/lib/interwork/libc.a(memcmp.o)
 .debug_frame   0x000016fc       0x28 /cygdrive/c/Embedded/GNUARM/bin/../lib/gcc/arm-elf/4.1.1/../../../../arm-elf/lib/interwork/libc.a(memcpy.o)
 .debug_frame   0x00001724       0x3c /cygdrive/c/Embedded/GNUARM/bin/../lib/gcc/arm-elf/4.1.1/../../../../arm-elf/lib/interwork/libc.a(rand.o)
 .debug_frame   0x00001760       0x28 /cygdrive/c/Embedded/GNUARM/bin/../lib/gcc/arm-elf/4.1.1/../../../../arm-elf/lib/interwork/libc.a(strchr.o)
 .debug_frame   0x00001788       0x28 /cygdrive/c/Embedded/GNUARM/bin/../lib/gcc/arm-elf/4.1.1/../../../../arm-elf/lib/interwork/libc.a(strcpy.o)
 .debug_frame   0x000017b0       0x20 /cygdrive/c/Embedded/GNUARM/bin/../lib/gcc/arm-elf/4.1.1/../../../../arm-elf/lib/interwork/libc.a(strlen.o)
 .debug_frame   0x000017d0       0x28 /cygdrive/c/Embedded/GNUARM/bin/../lib/gcc/arm-elf/4.1.1/../../../../arm-elf/lib/interwork/libc.a(strncmp.o)
 .debug_frame   0x000017f8       0x50 /cygdrive/c/Embedded/GNUARM/bin/../lib/gcc/arm-elf/4.1.1/../../../../arm-elf/lib/interwork/libc.a(strtol.o)

.debug_str      0x00000000     0x2654
 *(.debug_str)
 .debug_str     0x00000000      0x170 main.o
                                0x1a9 (size before relaxing)
 .debug_str     0x00000170      0x142 lcd.o
                                0x1da (size before relaxing)
 .debug_str     0x000002b2       0x8d startupDisplay.o
                                0x153 (size before relaxing)
 .debug_str     0x0000033f      0x102 key.o
                                0x19c (size before relaxing)
 .debug_str     0x00000441       0xb0 select.o
                                0x194 (size before relaxing)
 .debug_str     0x000004f1      0x219 uart.o
                                0x2d2 (size before relaxing)
 .debug_str     0x0000070a      0x20e bt.o
                                0x489 (size before relaxing)
 .debug_str     0x00000918       0xa4 snake.o
                                0x223 (size before relaxing)
 .debug_str     0x000009bc      0x105 exampleGame.o
                                0x27a (size before relaxing)
 .debug_str     0x00000ac1      0x21c pong.o
                                0x450 (size before relaxing)
 .debug_str     0x00000cdd       0x82 eeprom.o
                                0x119 (size before relaxing)
 .debug_str     0x00000d5f       0xb1 i2c.o
                                0x263 (size before relaxing)
 .debug_str     0x00000e10       0xf7 hw.o
                                0x1a7 (size before relaxing)
 .debug_str     0x00000f07      0x187 startup/libea_startup_thumb.a(consol.o)
                                0x247 (size before relaxing)
 .debug_str     0x0000108e       0xdd startup/libea_startup_thumb.a(framework.o)
                                0x143 (size before relaxing)
 .debug_str     0x0000116b       0x8d irq_code/irqUart.a(irqUart.o)
                                0x26e (size before relaxing)
 .debug_str     0x000011f8       0x93 gcc_files/libm.a(s_cos.o)
                                0x11d (size before relaxing)
 .debug_str     0x0000128b       0x7b gcc_files/libm.a(s_floor.o)
                                0x162 (size before relaxing)
 .debug_str     0x00001306       0x3c gcc_files/libm.a(s_sin.o)
                                0x11d (size before relaxing)
 .debug_str     0x00001342       0xb8 gcc_files/libm.a(w_sqrt.o)
                                0x199 (size before relaxing)
 .debug_str     0x000013fa       0xc7 gcc_files/libm.a(e_rem_pio2.o)
                                0x1d6 (size before relaxing)
 .debug_str     0x000014c1       0x51 gcc_files/libm.a(e_sqrt.o)
                                0x16f (size before relaxing)
 .debug_str     0x00001512       0x49 gcc_files/libm.a(k_cos.o)
                                0x15d (size before relaxing)
 .debug_str     0x0000155b       0x82 gcc_files/libm.a(k_rem_pio2.o)
                                0x16e (size before relaxing)
 .debug_str     0x000015dd       0x49 gcc_files/libm.a(k_sin.o)
                                0x12f (size before relaxing)
 .debug_str     0x00001626       0x42 gcc_files/libm.a(s_fabs.o)
                                0x156 (size before relaxing)
 .debug_str     0x00001668       0x44 gcc_files/libm.a(s_isnan.o)
                                0x158 (size before relaxing)
 .debug_str     0x000016ac       0x85 gcc_files/libm.a(s_lib_ver.o)
                                0x176 (size before relaxing)
 .debug_str     0x00001731       0x4a gcc_files/libm.a(s_matherr.o)
                                0x148 (size before relaxing)
 .debug_str     0x0000177b       0x55 gcc_files/libm.a(s_scalbn.o)
                                0x17a (size before relaxing)
 .debug_str     0x000017d0       0x4c gcc_files/libm.a(s_copysign.o)
                                0x158 (size before relaxing)
 .debug_str     0x0000181c      0x220 pre_emptive_os/pre_emptive_os.a(kernel.o)
                                0x359 (size before relaxing)
 .debug_str     0x00001a3c       0x7d pre_emptive_os/pre_emptive_os.a(prioqueue.o)
                                0x241 (size before relaxing)
 .debug_str     0x00001ab9       0x51 pre_emptive_os/pre_emptive_os.a(count_sem.o)
                                0x256 (size before relaxing)
 .debug_str     0x00001b0a       0xe2 pre_emptive_os/pre_emptive_os.a(timer.o)
                                0x2f2 (size before relaxing)
 .debug_str     0x00001bec       0x70 pre_emptive_os/pre_emptive_os.a(stack_usage.o)
                                0x226 (size before relaxing)
 .debug_str     0x00001c5c      0x153 pre_emptive_os/pre_emptive_os.a(a7hal.o)
                                0x1d8 (size before relaxing)
 .debug_str     0x00001daf       0x51 pre_emptive_os/pre_emptive_os.a(event.o)
                                0x260 (size before relaxing)
 .debug_str     0x00001e00      0x402 /cygdrive/c/Embedded/GNUARM/bin/../lib/gcc/arm-elf/4.1.1/../../../../arm-elf/lib/interwork/libc.a(atoi.o)